12
3
4
5
6
7
8
9
10
11
12
13
14
15
16
17
18
19
20
21
22
23
24
25
26
27
28
29
30
31
32
33
34
35
36
37
38
39
40
41
42
43
44
45
46
47
48
49
50
51
52
53
54
55
56
57
58
59
60
61
62
63
2
3
4
5
6
7
8
9
10
11
12
13
14
15
16
17
18
19
20
21
22
23
24
25
26
27
28
29
30
31
32
33
34
35
36
37
38
39
40
2
3
4
5
6
7
8
9
10
11
12
13
14
15
16
17
18
19
20
21
22
23
24
25
26
27
28
29
30
31
32
33
2
3
4
5
6
7
8
9
10
2
3
4
5
6
7
8
9
10
11
12
13
14
2
3
4
5
6
7
8
9
10
11
12
13
14
15
16
17
18
19
20
21
22
23
2
3
4
5
6
7
8
9
10
11
12
13
14
15
16
17
18
19
20
21
22
2
3
4
5
6
7
8
9
10
11
12
13
14
15
16
17
18
19
20
21
22
23
24
25
26
27
28
29
30
31
32
33
34
35
36
37
38
39
40
41
42
43
44
45
46
47
48
49
50
51
52
53
54
55
56
57
58
59
60
61
62
63
64
65
66
67
68
69
70
71
72
73
74
75
76
77
78
79
80
81
82
83
84
85
86
87
88
89
90
91
92
93
94
95
96
97
98
99
100
101
102
103
104
105
106
107
108
109
110
111
112
113
114
115
116
117
118
119
120
121
122
123
124
125
126
127
128
129
130
131
132
133
134
135
136
137
138
139
140
141
142
143
144
145
146
147
148
149
150
fifo_message151
152
153
154
155
156
157
158
159
160
161
162
163
164
165
166
167
168
169
170
171
172
173
174
175
176
177
178
179
180
181
182
183
184
185
186
187
188
189
190
191
192
193
194
195
196
197
198
199
200
201
202
203
204
205
206
207
208
209
210
211
212
213
214
215
216
217
218
219
220
221
222
223
224
225
226
227
228
229
230
231
232
233
234
235
236
237
238
239
240
241
242
243
244
245
246
247
248
249
250
251
252
253
254
255
256
257
258
259
260
261
262
263
264
265
266
267
268
269
270
271
272
273
274
275
276
277
278
279
280
281
282
283
284
285
286
287
288
289
290
291
292
293
294
295
296
297
298
299
300
301
302
303
304
305
306
307
308
309
310
311
312
313
314
315
316
317
318
319
320
321
322
323
324
325
326
327
328
329
330
331
332
333
334
335
336
337
338
339
340
341
342
343
344
345
346
347
348
349
350
351
352
353
354
355
356
357
358
359
360
361
362
363
364
365
366
367
368
369
370
371
372
373
374
375
376
377
378
379
380
381
382
383
384
385
386
387
388
389
390
391
392
393
394
395
396
397
398
399
400
401
402
403
404
405
406
407
408
409
410
411
412
413
414
415
416
417
418
419
420
421
422
423
424
425
426
427
428
429
430
431
432
433
434
435
436
437
438
439
440
441
442
443
444
445
446
447
448
449
450
451
452
453
454
455
456
457
458
459
460
461
462
463
464
465
466
467
468
469
470
471
472
473
474
475
476
477
478
479
480
481
482
483
484
485
486
fifo_message487
488
489
490
491
492
493
494
495
496
497
498
499
500
501
502
503
504
505
506
507
508
509
510
511
512
513
514
515
516
517
518
519
520
521
522
523
524
525
526
527
528
529
530
531
532
533
534
535
536
537
538
539
540
541
542
543
544
545
546
547
548
549
550
551
552
553
554
555
556
557
558
559
560
561
562
563
564
565
566
567
568
569
570
571
572
573
574
575
576
577
578
579
580
581
582
2
3
4
5
6
7
8
9
10
11
12
13
14
15
16
17
18
19
20
21
22
23
24
25
26
27
28
29
30
31
32
33
34
35
36
37
38
39
40
41
42
43
44
45
46
47
48
49
50
51
52
53
54
55
56
57
58
59
60
61
62
63
64
65
66
67
68
69
70
71
72
73
74
75
76
77
78
79
80
81
82
83
84
85
fifo_message86
87
88
89
90
91
92
93
94
95
96
2
3
4
5
6
7
8
9
10
11
12
13
14
15
16
17
18
19
20
21
22
23
24
25
26
27
28
29
30
31
32
33
34
35
36
37
38
39
40
41
42
43
44
45
46
47
48
49
50
51
52
53
54
55
56
57
58
59
60
61
62
63
64
65
66
67
68
69
70
71
72
73
74
75
76
77
78
79
80
81
82
83
84
85
86
87
88
89
90
91
92
93
94
95
96
97
98
99
100
101
102
103
104
105
106
107
108
109
110
111
112
113
114
115
116
117
118
119
120
121
122
123
124
125
126
127
128
129
130
131
132
133
134
135
136
137
138
139
140
141
142
143
144
145
146
147
148
149
150
151
152
153
154
155
156
157
158
159
160
161
162
163
164
165
166
167
168
169
170
171
172
173
174
175
176
177
178
179
180
181
182
183
184
185
186
187
188
189
190
191
192
193
194
195
196
197
198
199
2
3
4
5
6
7
8
9
10
11
12
13
14
15
16
17
18
19
20
21
22
23
24
25
26
27
28
29
30
31
fifo_message32
33
34
35
36
37
fifo_message38
39
40
41
42
43
44
45
46
47
fifo_message48
49
50
51
52
53
54
55
56
57
58
59
60
61
62
63
64
65
66
67
68
69
70
71
72
73
74
75
76
77
78
79
80
81
82
83
84
85
86
87
88
89
90
91
92
93
94
95
96
2
3
4
5
6
7
8
9
10
11
12
13
14
15
16
17
18
19
20
21
22
23
24
25
26
27
28
29
30
31
32
33
34
35
36
37
38
39
40
41
42
43
44
45
46
47
48
49
50
51
52
53
54
55
56
57
58
59
60
61
62
63
64
65
1615532
1615582
1615583
1616033
1616034
1616084
1616085
1616135
1616136
1616186
1616187
1616237
1616238
161652- iteration - 2
1616572
161657- iteration - 3
1617023
161702- iteration - 4
1617074
161707- iteration - 5
1617125
161712- iteration - 6
1617176
161717- iteration - 7
1617227
161722- iteration - 8
1617278
161727- iteration - 9
1617329
161732- iteration - 10
16173310
161733- iteration - 11
16173811
161738- iteration - 12
16174312
161743- iteration - 13
16174813
161748- iteration - 14
16175314
161753- iteration - 15
16175815
161758- iteration - 16
16180316
161803- iteration - 17
163300- iteration - 2
163302- iteration - 3
163304- iteration - 4
163306- iteration - 5
163308- iteration - 6
163310- iteration - 7
163312- iteration - 8
163314- iteration - 9
163316- iteration - 10
163318- iteration - 11
163320- iteration - 12
163322- iteration - 13
163324- iteration - 14
163326- iteration - 15
163328- iteration - 16
163330- iteration - 17
163332- iteration - 18
163334- iteration - 19
163336- iteration - 20
163338- iteration - 21
163340- iteration - 22
163342- iteration - 23
163344- iteration - 24
163346- iteration - 25
163348- iteration - 26
163350- iteration - 27
163352- iteration - 28
163354- iteration - 29
163356- iteration - 30
163358- iteration - 31
163400- iteration - 32
163402- iteration - 33
163404- iteration - 34
163406- iteration - 35
163408- iteration - 36
163410- iteration - 37
163412- iteration - 38
163414- iteration - 39
163416- iteration - 40
172338- iteration - 2
172340- iteration - 3
172342- iteration - 4
172344- iteration - 5
172346- iteration - 6
172348- iteration - 7
172350- iteration - 8
172352- iteration - 9
172354- iteration - 10
172356- iteration - 11
172358- iteration - 12
172400- iteration - 13
172402- iteration - 14
172404- iteration - 15
172406- iteration - 16
172408- iteration - 17
172410- iteration - 18
172412- iteration - 19
172414- iteration - 20
172416- iteration - 21
172418- iteration - 22
172420- iteration - 23
172422- iteration - 24
173248- iteration - 2
173250- iteration - 3
173252- iteration - 4
173254- iteration - 5
173256- iteration - 6
173258- iteration - 7
173300- iteration - 8
173302- iteration - 9
173304- iteration - 10
173306- iteration - 11
173308- iteration - 12
173310- iteration - 13
173312- iteration - 14
173314- iteration - 15
173316- iteration - 16
173318- iteration - 17
173320- iteration - 18
173322- iteration - 19
173324- iteration - 20
173326- iteration - 21
173328- iteration - 22
173330- iteration - 23
173332- iteration - 24
173334- iteration - 25
173336- iteration - 26
173338- iteration - 27
173340- iteration - 28
173342- iteration - 29
173344- iteration - 30
173346- iteration - 31
173348- iteration - 32
173350- iteration - 33
173352- iteration - 34
173354- iteration - 35
173356- iteration - 36
173358- iteration - 37
173400- iteration - 38
173402- iteration - 39
173404- iteration - 40
173406- iteration - 41
173408- iteration - 42
173410- iteration - 43
173412- iteration - 44
173414- iteration - 45
173416- iteration - 46
173418- iteration - 47
173420- iteration - 48
173422- iteration - 49
173424- iteration - 50
173426- iteration - 51
173428- iteration - 52
173430- iteration - 53
173432- iteration - 54
173434- iteration - 55
173436- iteration - 56
173438- iteration - 57
173440- iteration - 58
173442- iteration - 59
173444- iteration - 60
173446- iteration - 61
173448- iteration - 62
173450- iteration - 63
173452- iteration - 64
173454- iteration - 65
173456- iteration - 66
173458- iteration - 67
173500- iteration - 68
173502- iteration - 69
173504- iteration - 70
173506- iteration - 71
173508- iteration - 72
173510- iteration - 73
173512- iteration - 74
173514- iteration - 75
173516- iteration - 76
173518- iteration - 77
173520- iteration - 78
173522- iteration - 79
173524- iteration - 80
173526- iteration - 81
173528- iteration - 82
173530- iteration - 83
173532- iteration - 84
173534- iteration - 85
173536- iteration - 86
173538- iteration - 87
173540- iteration - 88
173542- iteration - 89
173544- iteration - 90
173546- iteration - 91
173548- iteration - 92
173550- iteration - 93
173552- iteration - 94
173554- iteration - 95
173556- iteration - 96
173558- iteration - 97
173600- iteration - 98
173602- iteration - 99
173604- iteration - 100
173606- iteration - 101
173608- iteration - 102
173610- iteration - 103
173612- iteration - 104
173614- iteration - 105
173616- iteration - 106
173618- iteration - 107
173620- iteration - 108
173622- iteration - 109
173624- iteration - 110
173626- iteration - 111
173628- iteration - 112
173630- iteration - 113
173632- iteration - 114
173634- iteration - 115
173636- iteration - 116
173834- iteration - 2
173836- iteration - 3
173838- iteration - 4
173840- iteration - 5
173842- iteration - 6
173844- iteration - 7
173846- iteration - 8
173848- iteration - 9
173850- iteration - 10
173852- iteration - 11
173854- iteration - 12
173856- iteration - 13
173858- iteration - 14
173900- iteration - 15
173902- iteration - 16
173904- iteration - 17
173906- iteration - 18
173908- iteration - 19
173910- iteration - 20
173912- iteration - 21
173914- iteration - 22
173916- iteration - 23
173918- iteration - 24
173920- iteration - 25
173922- iteration - 26
173924- iteration - 27
173926- iteration - 28
173928- iteration - 29
173930- iteration - 30
173932- iteration - 31
173934- iteration - 32
173936- iteration - 33
173938- iteration - 34
173940- iteration - 35
173942- iteration - 36
173944- iteration - 37
173946- iteration - 38
173948- iteration - 39
173950- iteration - 40
173952- iteration - 41
173954- iteration - 42
173956- iteration - 43
173958- iteration - 44
174000- iteration - 45
174002- iteration - 46
174004- iteration - 47
174006- iteration - 48
174006- iteration - 49
174008- iteration - 50
174010- iteration - 51
174012- iteration - 52
174014- iteration - 53
174016- iteration - 54
174018- iteration - 55
174020- iteration - 56
174022- iteration - 57
174024- iteration - 58
174026- iteration - 59
174028- iteration - 60
174030- iteration - 61
174032- iteration - 62
174034- iteration - 63
174036- iteration - 64
174038- iteration - 65
174040- iteration - 66
174042- iteration - 67
174044- iteration - 68
174046- iteration - 69
174048- iteration - 70
174050- iteration - 71
174052- iteration - 72
174054- iteration - 73
174056- iteration - 74
174058- iteration - 75
174100- iteration - 76
174102- iteration - 77
174104- iteration - 78
174106- iteration - 79
174108- iteration - 80
174110- iteration - 81
174112- iteration - 82
174113- iteration - 83
174115- iteration - 84
174117- iteration - 85
174119- iteration - 86
174121- iteration - 87
174123- iteration - 88
174125- iteration - 89
174127- iteration - 90
174129- iteration - 91
174131- iteration - 92
174132- iteration - 93
174134- iteration - 94
174136- iteration - 95
174138- iteration - 96
174140- iteration - 97
174142- iteration - 98
174144- iteration - 99
174146- iteration - 100
174148- iteration - 101
174150- iteration - 102
174152- iteration - 103
174154- iteration - 104
174156- iteration - 105
174158- iteration - 106
174200- iteration - 107
174202- iteration - 108
174204- iteration - 109
174206- iteration - 110
174208- iteration - 111
174210- iteration - 112
174212- iteration - 113
174214- iteration - 114
174216- iteration - 115
174218- iteration - 116
174220- iteration - 117
174222- iteration - 118
174224- iteration - 119
174226- iteration - 120
174228- iteration - 121
174230- iteration - 122
174232- iteration - 123
174234- iteration - 124
174236- iteration - 125
174238- iteration - 126
174240- iteration - 127
174242- iteration - 128
174244- iteration - 129
174246- iteration - 130
174248- iteration - 131
174250- iteration - 132
174252- iteration - 133
174254- iteration - 134
174256- iteration - 135
174258- iteration - 136
174300- iteration - 137
174302- iteration - 138
174304- iteration - 139
174306- iteration - 140
174308- iteration - 141
174310- iteration - 142
174312- iteration - 143
174314- iteration - 144
174316- iteration - 145
174318- iteration - 146
174320- iteration - 147
174322- iteration - 148
174324- iteration - 149
174326- iteration - 150
174328- iteration - 151
174330- iteration - 152
174332- iteration - 153
174334- iteration - 154
174336- iteration - 155
174338- iteration - 156
174340- iteration - 157
174342- iteration - 158
174344- iteration - 159
174346- iteration - 160
174348- iteration - 161
174350- iteration - 162
174352- iteration - 163
174354- iteration - 164
174356- iteration - 165
174358- iteration - 166
174400- iteration - 167
174402- iteration - 168
174404- iteration - 169
174406- iteration - 170
174408- iteration - 171
174410- iteration - 172
174412- iteration - 173
174414- iteration - 174
174416- iteration - 175
174418- iteration - 176
174420- iteration - 177
174422- iteration - 178
174424- iteration - 179
174426- iteration - 180
174428- iteration - 181
174430- iteration - 182
174432- iteration - 183
174434- iteration - 184
174436- iteration - 185
174438- iteration - 186
174440- iteration - 187
174442- iteration - 188
174444- iteration - 189
174446- iteration - 190
174448- iteration - 191
174450- iteration - 192
174452- iteration - 193
174454- iteration - 194
174456- iteration - 195
174458- iteration - 196
174500- iteration - 197
174502- iteration - 198
174504- iteration - 199
174506- iteration - 200
174508- iteration - 201
174510- iteration - 202
174512- iteration - 203
174514- iteration - 204
174516- iteration - 205
174518- iteration - 206
174520- iteration - 207
174522- iteration - 208
174524- iteration - 209
174526- iteration - 210
174528- iteration - 211
174530- iteration - 212
174532- iteration - 213
174534- iteration - 214
174536- iteration - 215
174538- iteration - 216
174540- iteration - 217
174542- iteration - 218
174544- iteration - 219
174546- iteration - 220
174548- iteration - 221
174550- iteration - 222
174552- iteration - 223
174554- iteration - 224
174556- iteration - 225
174558- iteration - 226
174600- iteration - 227
174602- iteration - 228
174604- iteration - 229
174606- iteration - 230
174608- iteration - 231
174610- iteration - 232
174612- iteration - 233
174614- iteration - 234
174616- iteration - 235
174618- iteration - 236
174620- iteration - 237
174622- iteration - 238
174624- iteration - 239
174626- iteration - 240
174628- iteration - 241
174630- iteration - 242
174632- iteration - 243
174634- iteration - 244
174636- iteration - 245
174638- iteration - 246
174640- iteration - 247
174642- iteration - 248
174644- iteration - 249
174646- iteration - 250
174648- iteration - 251
174650- iteration - 252
174652- iteration - 253
174654- iteration - 254
174656- iteration - 255
174658- iteration - 256
174700- iteration - 257
174702- iteration - 258
174704- iteration - 259
174706- iteration - 260
174708- iteration - 261
174710- iteration - 262
174712- iteration - 263
174714- iteration - 264
174716- iteration - 265
174718- iteration - 266
174720- iteration - 267
174722- iteration - 268
174724- iteration - 269
174726- iteration - 270
174728- iteration - 271
174730- iteration - 272
174732- iteration - 273
174734- iteration - 274
174736- iteration - 275
174738- iteration - 276
174740- iteration - 277
174742- iteration - 278
174744- iteration - 279
174746- iteration - 280
174748- iteration - 281
174750- iteration - 282
174752- iteration - 283
174754- iteration - 284
174756- iteration - 285
174758- iteration - 286
174800- iteration - 287
174802- iteration - 288
174804- iteration - 289
174806- iteration - 290
174808- iteration - 291
174810- iteration - 292
174812- iteration - 293
174814- iteration - 294
174816- iteration - 295
174818- iteration - 296
174820- iteration - 297
174822- iteration - 298
174824- iteration - 299
174826- iteration - 300
174828- iteration - 301
174830- iteration - 302
174832- iteration - 303
174834- iteration - 304
174836- iteration - 305
174838- iteration - 306
174840- iteration - 307
174842- iteration - 308
174844- iteration - 309
174846- iteration - 310
174848- iteration - 311
174850- iteration - 312
174852- iteration - 313
174854- iteration - 314
174856- iteration - 315
174858- iteration - 316
174900- iteration - 317
174902- iteration - 318
174904- iteration - 319
174906- iteration - 320
174908- iteration - 321
174910- iteration - 322
174912- iteration - 323
174914- iteration - 324
174916- iteration - 325
174918- iteration - 326
174920- iteration - 327
174922- iteration - 328
174924- iteration - 329
174926- iteration - 330
174928- iteration - 331
174930- iteration - 332
174932- iteration - 333
174934- iteration - 334
174936- iteration - 335
174938- iteration - 336
174940- iteration - 337
174942- iteration - 338
174944- iteration - 339
174946- iteration - 340
174948- iteration - 341
174950- iteration - 342
174952- iteration - 343
174954- iteration - 344
174956- iteration - 345
174958- iteration - 346
175000- iteration - 347
175002- iteration - 348
175004- iteration - 349
175006- iteration - 350
175008- iteration - 351
175010- iteration - 352
175012- iteration - 353
175014- iteration - 354
175016- iteration - 355
175018- iteration - 356
175020- iteration - 357
175022- iteration - 358
175024- iteration - 359
175026- iteration - 360
175028- iteration - 361
175030- iteration - 362
175032- iteration - 363
175034- iteration - 364
175036- iteration - 365
175038- iteration - 366
175040- iteration - 367
175042- iteration - 368
175044- iteration - 369
175046- iteration - 370
175048- iteration - 371
175050- iteration - 372
175052- iteration - 373
175054- iteration - 374
175056- iteration - 375
175058- iteration - 376
175100- iteration - 377
175102- iteration - 378
175104- iteration - 379
175106- iteration - 380
175108- iteration - 381
175110- iteration - 382
175112- iteration - 383
175114- iteration - 384
175116- iteration - 385
175118- iteration - 386
175120- iteration - 387
175122- iteration - 388
175124- iteration - 389
175126- iteration - 390
175128- iteration - 391
175130- iteration - 392
175132- iteration - 393
175134- iteration - 394
175136- iteration - 395
175138- iteration - 396
175140- iteration - 397
175142- iteration - 398
175144- iteration - 399
175146- iteration - 400
175148- iteration - 401
175150- iteration - 402
175152- iteration - 403
175154- iteration - 404
175156- iteration - 405
175158- iteration - 406
175200- iteration - 407
175202- iteration - 408
175204- iteration - 409
175206- iteration - 410
175208- iteration - 411
175210- iteration - 412
175212- iteration - 413
175214- iteration - 414
175216- iteration - 415
175218- iteration - 416
175220- iteration - 417
175222- iteration - 418
175224- iteration - 419
175226- iteration - 420
175228- iteration - 421
175230- iteration - 422
175232- iteration - 423
175234- iteration - 424
175236- iteration - 425
175238- iteration - 426
175240- iteration - 427
175242- iteration - 428
175244- iteration - 429
175246- iteration - 430
175248- iteration - 431
175250- iteration - 432
175252- iteration - 433
175254- iteration - 434
175256- iteration - 435
175258- iteration - 436
175300- iteration - 437
175302- iteration - 438
175304- iteration - 439
175306- iteration - 440
175308- iteration - 441
175310- iteration - 442
175312- iteration - 443
175314- iteration - 444
175316- iteration - 445
175318- iteration - 446
175320- iteration - 447
175322- iteration - 448
175324- iteration - 449
175326- iteration - 450
175328- iteration - 451
175330- iteration - 452
175332- iteration - 453
175334- iteration - 454
175336- iteration - 455
175338- iteration - 456
175340- iteration - 457
175342- iteration - 458
175344- iteration - 459
175346- iteration - 460
175348- iteration - 461
175350- iteration - 462
175352- iteration - 463
175354- iteration - 464
175356- iteration - 465
175358- iteration - 466
175400- iteration - 467
175402- iteration - 468
175404- iteration - 469
175406- iteration - 470
175408- iteration - 471
175410- iteration - 472
175412- iteration - 473
175414- iteration - 474
175416- iteration - 475
175418- iteration - 476
175420- iteration - 477
175422- iteration - 478
175424- iteration - 479
175426- iteration - 480
175428- iteration - 481
175430- iteration - 482
175432- iteration - 483
175434- iteration - 484
175436- iteration - 485
175438- iteration - 486
175440- iteration - 487
175442- iteration - 488
175444- iteration - 489
175446- iteration - 490
175448- iteration - 491
175450- iteration - 492
175452- iteration - 493
175454- iteration - 494
175456- iteration - 495
175458- iteration - 496
175500- iteration - 497
175502- iteration - 498
175504- iteration - 499
175506- iteration - 500
175508- iteration - 501
175510- iteration - 502
175512- iteration - 503
175514- iteration - 504
175516- iteration - 505
175518- iteration - 506
175520- iteration - 507
175522- iteration - 508
175524- iteration - 509
175526- iteration - 510
175528- iteration - 511
175530- iteration - 512
175532- iteration - 513
175534- iteration - 514
175536- iteration - 515
175538- iteration - 516
175540- iteration - 517
175542- iteration - 518
175544- iteration - 519
175546- iteration - 520
175548- iteration - 521
175550- iteration - 522
175552- iteration - 523
175554- iteration - 524
175556- iteration - 525
175558- iteration - 526
175600- iteration - 527
175602- iteration - 528
175604- iteration - 529
175606- iteration - 530
175608- iteration - 531
175610- iteration - 532
175612- iteration - 533
175614- iteration - 534
175616- iteration - 535
175618- iteration - 536
175620- iteration - 537
175622- iteration - 538
175624- iteration - 539
175626- iteration - 540
175628- iteration - 541
175630- iteration - 542
175632- iteration - 543
175634- iteration - 544
175636- iteration - 545
175638- iteration - 546
175640- iteration - 547
175642- iteration - 548
175644- iteration - 549
175646- iteration - 550
175648- iteration - 551
175650- iteration - 552
175652- iteration - 553
175654- iteration - 554
175656- iteration - 555
175658- iteration - 556
175700- iteration - 557
175702- iteration - 558
175704- iteration - 559
175706- iteration - 560
175708- iteration - 561
175710- iteration - 562
175712- iteration - 563
175714- iteration - 564
175716- iteration - 565
175718- iteration - 566
175720- iteration - 567
175722- iteration - 568
175724- iteration - 569
175726- iteration - 570
175728- iteration - 571
175730- iteration - 572
175732- iteration - 573
175734- iteration - 574
175736- iteration - 575
175738- iteration - 576
175740- iteration - 577
175742- iteration - 578
175744- iteration - 579
175746- iteration - 580
175748- iteration - 581
175750- iteration - 582
175752- iteration - 583
175754- iteration - 584
175756- iteration - 585
175758- iteration - 586
175800- iteration - 587
175802- iteration - 588
175804- iteration - 589
175806- iteration - 590
175808- iteration - 591
175810- iteration - 592
175812- iteration - 593
175814- iteration - 594
175816- iteration - 595
175818- iteration - 596
175820- iteration - 597
175822- iteration - 598
175824- iteration - 599
175826- iteration - 600
175828- iteration - 601
175830- iteration - 602
175832- iteration - 603
175834- iteration - 604
175836- iteration - 605
175838- iteration - 606
175840- iteration - 607
175842- iteration - 608
175844- iteration - 609
175846- iteration - 610
175848- iteration - 611
175850- iteration - 612
175852- iteration - 613
175854- iteration - 614
175856- iteration - 615
175858- iteration - 616
175900- iteration - 617
175902- iteration - 618
175904- iteration - 619
175906- iteration - 620
175908- iteration - 621
175910- iteration - 622
175912- iteration - 623
175914- iteration - 624
175916- iteration - 625
175919- iteration - 626
175921- iteration - 627
175923- iteration - 628
175925- iteration - 629
175927- iteration - 630
175929- iteration - 631
175931- iteration - 632
175933- iteration - 633
175935- iteration - 634
175937- iteration - 635
175939- iteration - 636
175941- iteration - 637
175943- iteration - 638
175945- iteration - 639
175947- iteration - 640
175949- iteration - 641
175951- iteration - 642
175953- iteration - 643
175955- iteration - 644
175957- iteration - 645
175959- iteration - 646
180001- iteration - 647
180003- iteration - 648
180005- iteration - 649
180007- iteration - 650
180009- iteration - 651
180011- iteration - 652
180013- iteration - 653
180015- iteration - 654
180017- iteration - 655
180019- iteration - 656
180021- iteration - 657
180023- iteration - 658
180025- iteration - 659
180027- iteration - 660
180029- iteration - 661
180031- iteration - 662
180033- iteration - 663
180035- iteration - 664
180037- iteration - 665
180039- iteration - 666
180041- iteration - 667
180043- iteration - 668
180045- iteration - 669
180047- iteration - 670
180049- iteration - 671
180051- iteration - 672
180053- iteration - 673
180055- iteration - 674
180057- iteration - 675
180059- iteration - 676
180101- iteration - 677
180103- iteration - 678
180105- iteration - 679
180107- iteration - 680
180109- iteration - 681
180111- iteration - 682
180113- iteration - 683
180115- iteration - 684
180117- iteration - 685
180119- iteration - 686
180121- iteration - 687
180123- iteration - 688
180125- iteration - 689
180127- iteration - 690
180129- iteration - 691
180131- iteration - 692
180133- iteration - 693
180135- iteration - 694
180137- iteration - 695
180139- iteration - 696
180141- iteration - 697
180143- iteration - 698
180145- iteration - 699
180147- iteration - 700
180149- iteration - 701
180151- iteration - 702
180153- iteration - 703
180155- iteration - 704
180157- iteration - 705
180159- iteration - 706
180201- iteration - 707
180203- iteration - 708
180205- iteration - 709
180207- iteration - 710
180209- iteration - 711
180211- iteration - 712
180213- iteration - 713
180215- iteration - 714
180217- iteration - 715
180219- iteration - 716
180221- iteration - 717
180223- iteration - 718
180225- iteration - 719
180227- iteration - 720
180229- iteration - 721
180231- iteration - 722
180233- iteration - 723
180235- iteration - 724
180237- iteration - 725
180239- iteration - 726
180241- iteration - 727
180243- iteration - 728
180245- iteration - 729
180247- iteration - 730
180249- iteration - 731
180251- iteration - 732
180253- iteration - 733
180255- iteration - 734
180257- iteration - 735
180259- iteration - 736
180301- iteration - 737
180303- iteration - 738
180305- iteration - 739
180307- iteration - 740
180309- iteration - 741
180311- iteration - 742
180313- iteration - 743
180315- iteration - 744
180317- iteration - 745
180319- iteration - 746
180321- iteration - 747
180323- iteration - 748
180325- iteration - 749
180327- iteration - 750
180329- iteration - 751
180331- iteration - 752
180333- iteration - 753
180335- iteration - 754
180337- iteration - 755
180339- iteration - 756
180341- iteration - 757
180343- iteration - 758
180345- iteration - 759
180347- iteration - 760
180349- iteration - 761
180351- iteration - 762
180353- iteration - 763
180355- iteration - 764
180357- iteration - 765
180359- iteration - 766
180401- iteration - 767
180403- iteration - 768
180405- iteration - 769
180407- iteration - 770
180409- iteration - 771
180411- iteration - 772
180413- iteration - 773
180415- iteration - 774
180417- iteration - 775
180419- iteration - 776
180421- iteration - 777
180423- iteration - 778
180425- iteration - 779
180427- iteration - 780
180429- iteration - 781
180431- iteration - 782
180433- iteration - 783
180435- iteration - 784
180437- iteration - 785
180439- iteration - 786
180441- iteration - 787
180443- iteration - 788
180445- iteration - 789
180447- iteration - 790
180449- iteration - 791
180451- iteration - 792
180453- iteration - 793
180455- iteration - 794
180457- iteration - 795
180459- iteration - 796
180501- iteration - 797
180503- iteration - 798
180505- iteration - 799
180507- iteration - 800
180509- iteration - 801
180511- iteration - 802
180513- iteration - 803
180515- iteration - 804
180517- iteration - 805
180519- iteration - 806
180521- iteration - 807
180523- iteration - 808
180525- iteration - 809
180527- iteration - 810
180529- iteration - 811
180531- iteration - 812
180533- iteration - 813
180535- iteration - 814
180537- iteration - 815
180539- iteration - 816
180541- iteration - 817
180543- iteration - 818
180545- iteration - 819
180547- iteration - 820
180549- iteration - 821
180551- iteration - 822
180553- iteration - 823
180555- iteration - 824
180557- iteration - 825
180559- iteration - 826
180601- iteration - 827
180603- iteration - 828
180605- iteration - 829
180607- iteration - 830
180609- iteration - 831
180611- iteration - 832
180613- iteration - 833
180615- iteration - 834
180617- iteration - 835
180619- iteration - 836
180621- iteration - 837
180623- iteration - 838
180625- iteration - 839
180627- iteration - 840
180629- iteration - 841
180631- iteration - 842
180633- iteration - 843
180635- iteration - 844
180637- iteration - 845
180639- iteration - 846
180641- iteration - 847
180643- iteration - 848
180645- iteration - 849
180647- iteration - 850
180649- iteration - 851
180651- iteration - 852
180653- iteration - 853
180655- iteration - 854
180657- iteration - 855
180659- iteration - 856
180701- iteration - 857
180703- iteration - 858
180705- iteration - 859
180707- iteration - 860
180709- iteration - 861
180711- iteration - 862
180713- iteration - 863
180715- iteration - 864
180717- iteration - 865
180719- iteration - 866
180721- iteration - 867
180723- iteration - 868
180725- iteration - 869
180727- iteration - 870
180729- iteration - 871
180731- iteration - 872
180733- iteration - 873
180735- iteration - 874
180737- iteration - 875
180739- iteration - 876
180741- iteration - 877
180743- iteration - 878
180745- iteration - 879
180747- iteration - 880
180749- iteration - 881
180751- iteration - 882
180753- iteration - 883
202219- iteration - 2
202221- iteration - 3
202223- iteration - 4
202225- iteration - 5
202227- iteration - 6
202229- iteration - 7
202231- iteration - 8
202233- iteration - 9
202235- iteration - 10
202237- iteration - 11
202239- iteration - 12
202241- iteration - 13
202243- iteration - 14
202245- iteration - 15
202247- iteration - 16
202249- iteration - 17
202251- iteration - 18
202253- iteration - 19
202255- iteration - 20
202257- iteration - 21
202259- iteration - 22
202301- iteration - 23
202303- iteration - 24
202305- iteration - 25
202307- iteration - 26
202309- iteration - 27
202311- iteration - 28
202313- iteration - 29
202315- iteration - 30
202317- iteration - 31
202319- iteration - 32
202321- iteration - 33
202323- iteration - 34
202325- iteration - 35
202327- iteration - 36
202329- iteration - 37
202331- iteration - 38
202333- iteration - 39
202335- iteration - 40
202337- iteration - 41
202339- iteration - 42
202341- iteration - 43
202343- iteration - 44
202345- iteration - 45
202347- iteration - 46
202349- iteration - 47
202351- iteration - 48
202353- iteration - 49
202355- iteration - 50
202357- iteration - 51
202359- iteration - 52
202401- iteration - 53
202403- iteration - 54
202405- iteration - 55
202407- iteration - 56
202409- iteration - 57
202411- iteration - 58
202413- iteration - 59
202415- iteration - 60
202417- iteration - 61
202419- iteration - 62
202421- iteration - 63
202423- iteration - 64
202425- iteration - 65
202427- iteration - 66
202429- iteration - 67
202431- iteration - 68
202433- iteration - 69
202435- iteration - 70
202437- iteration - 71
202439- iteration - 72
202441- iteration - 73
202443- iteration - 74
202445- iteration - 75
202447- iteration - 76
202449- iteration - 77
202451- iteration - 78
202453- iteration - 79
202455- iteration - 80
202457- iteration - 81
202459- iteration - 82
202501- iteration - 83
202503- iteration - 84
202505- iteration - 85
202507- iteration - 86
202509- iteration - 87
202511- iteration - 88
202513- iteration - 89
202515- iteration - 90
202517- iteration - 91
202519- iteration - 92
202521- iteration - 93
202523- iteration - 94
202525- iteration - 95
202527- iteration - 96
202529- iteration - 97
202531- iteration - 98
202533- iteration - 99
202535- iteration - 100
202537- iteration - 101
202539- iteration - 102
202541- iteration - 103
202543- iteration - 104
202545- iteration - 105
202547- iteration - 106
202549- iteration - 107
202551- iteration - 108
202553- iteration - 109
202555- iteration - 110
202557- iteration - 111
202559- iteration - 112
202601- iteration - 113
202603- iteration - 114
202605- iteration - 115
202607- iteration - 116
202609- iteration - 117
202611- iteration - 118
202613- iteration - 119
202615- iteration - 120
202617- iteration - 121
202619- iteration - 122
202621- iteration - 123
202623- iteration - 124
202625- iteration - 125
202627- iteration - 126
202629- iteration - 127
202631- iteration - 128
202633- iteration - 129
202635- iteration - 130
202637- iteration - 131
202639- iteration - 132
202641- iteration - 133
202643- iteration - 134
202645- iteration - 135
202647- iteration - 136
202649- iteration - 137
202651- iteration - 138
202653- iteration - 139
202655- iteration - 140
202657- iteration - 141
202659- iteration - 142
202701- iteration - 143
202703- iteration - 144
202705- iteration - 145
202707- iteration - 146
202709- iteration - 147
202711- iteration - 148
202713- iteration - 149
202715- iteration - 150
202717- iteration - 151
202719- iteration - 152
202721- iteration - 153
202723- iteration - 154
202725- iteration - 155
202727- iteration - 156
202729- iteration - 157
202731- iteration - 158
202733- iteration - 159
202735- iteration - 160
202737- iteration - 161
202739- iteration - 162
202741- iteration - 163
202743- iteration - 164
202745- iteration - 165
202747- iteration - 166
202749- iteration - 167
202751- iteration - 168
202753- iteration - 169
202755- iteration - 170
202757- iteration - 171
202759- iteration - 172
202801- iteration - 173
202803- iteration - 174
202805- iteration - 175
202807- iteration - 176
202809- iteration - 177
202811- iteration - 178
202813- iteration - 179
202815- iteration - 180
202817- iteration - 181
202819- iteration - 182
202821- iteration - 183
202823- iteration - 184
202825- iteration - 185
202827- iteration - 186
202829- iteration - 187
202831- iteration - 188
202833- iteration - 189
202835- iteration - 190
202837- iteration - 191
202839- iteration - 192
202841- iteration - 193
202843- iteration - 194
202845- iteration - 195
202847- iteration - 196
202849- iteration - 197
202851- iteration - 198
202853- iteration - 199
202855- iteration - 200
202857- iteration - 201
202859- iteration - 202
202901- iteration - 203
202903- iteration - 204
202905- iteration - 205
202907- iteration - 206
202909- iteration - 207
202911- iteration - 208
202913- iteration - 209
202915- iteration - 210
202917- iteration - 211
202919- iteration - 212
202921- iteration - 213
202923- iteration - 214
202925- iteration - 215
202927- iteration - 216
202929- iteration - 217
202931- iteration - 218
202933- iteration - 219
202935- iteration - 220
202937- iteration - 221
202939- iteration - 222
202941- iteration - 223
202943- iteration - 224
202945- iteration - 225
202947- iteration - 226
202949- iteration - 227
202951- iteration - 228
202953- iteration - 229
202955- iteration - 230
202957- iteration - 231
202959- iteration - 232
203001- iteration - 233
203003- iteration - 234
203005- iteration - 235
203007- iteration - 236
203009- iteration - 237
203011- iteration - 238
203013- iteration - 239
203015- iteration - 240
203017- iteration - 241
203019- iteration - 242
203021- iteration - 243
203023- iteration - 244
203025- iteration - 245
203027- iteration - 246
203029- iteration - 247
203031- iteration - 248
203033- iteration - 249
203035- iteration - 250
203037- iteration - 251
203039- iteration - 252
203041- iteration - 253
203043- iteration - 254
203045- iteration - 255
203047- iteration - 256
203049- iteration - 257
203051- iteration - 258
203053- iteration - 259
203055- iteration - 260
203057- iteration - 261
203059- iteration - 262
203101- iteration - 263
203103- iteration - 264
203105- iteration - 265
203107- iteration - 266
203109- iteration - 267
203111- iteration - 268
203113- iteration - 269
203115- iteration - 270
203117- iteration - 271
203119- iteration - 272
203121- iteration - 273
203123- iteration - 274
203125- iteration - 275
203127- iteration - 276
203129- iteration - 277
203131- iteration - 278
203133- iteration - 279
203135- iteration - 280
203137- iteration - 281
203139- iteration - 282
203141- iteration - 283
203143- iteration - 284
203145- iteration - 285
203147- iteration - 286
203149- iteration - 287
203151- iteration - 288
203153- iteration - 289
203155- iteration - 290
203157- iteration - 291
203159- iteration - 292
203201- iteration - 293
203203- iteration - 294
203205- iteration - 295
203207- iteration - 296
203209- iteration - 297
203211- iteration - 298
203213- iteration - 299
203215- iteration - 300
203217- iteration - 301
203219- iteration - 302
203221- iteration - 303
203223- iteration - 304
203225- iteration - 305
203227- iteration - 306
203229- iteration - 307
203231- iteration - 308
203233- iteration - 309
203235- iteration - 310
203237- iteration - 311
203239- iteration - 312
203241- iteration - 313
203243- iteration - 314
203435- iteration - 2
203437- iteration - 3
203439- iteration - 4
203441- iteration - 5
203443- iteration - 6
203445- iteration - 7
203447- iteration - 8
203449- iteration - 9
203451- iteration - 10
203453- iteration - 11
203455- iteration - 12
203457- iteration - 13
203459- iteration - 14
203501- iteration - 15
203503- iteration - 16
203505- iteration - 17
203507- iteration - 18
203509- iteration - 19
203511- iteration - 20
203513- iteration - 21
203515- iteration - 22
203517- iteration - 23
203519- iteration - 24
203521- iteration - 25
203523- iteration - 26
203525- iteration - 27
203527- iteration - 28
203529- iteration - 29
203531- iteration - 30
203533- iteration - 31
203535- iteration - 32
203537- iteration - 33
203539- iteration - 34
203541- iteration - 35
203543- iteration - 36
203545- iteration - 37
203547- iteration - 38
203549- iteration - 39
203551- iteration - 40
203553- iteration - 41
203555- iteration - 42
203557- iteration - 43
203559- iteration - 44
203601- iteration - 45
203603- iteration - 46
203605- iteration - 47
203607- iteration - 48
203609- iteration - 49
203611- iteration - 50
203613- iteration - 51
203615- iteration - 52
203617- iteration - 53
203619- iteration - 54
203621- iteration - 55
203623- iteration - 56
203625- iteration - 57
203627- iteration - 58
203629- iteration - 59
203631- iteration - 60
203633- iteration - 61
203635- iteration - 62
203637- iteration - 63
203639- iteration - 64
203641- iteration - 65
203643- iteration - 66
203645- iteration - 67
203647- iteration - 68
203649- iteration - 69
203651- iteration - 70
203653- iteration - 71
203655- iteration - 72
203657- iteration - 73
203659- iteration - 74
203701- iteration - 75
203703- iteration - 76
203705- iteration - 77
203707- iteration - 78
203709- iteration - 79
203711- iteration - 80
203713- iteration - 81
203715- iteration - 82
203717- iteration - 83
203719- iteration - 84
203721- iteration - 85
203723- iteration - 86
203725- iteration - 87
203727- iteration - 88
203729- iteration - 89
203731- iteration - 90
203733- iteration - 91
203735- iteration - 92
203737- iteration - 93
203739- iteration - 94
203741- iteration - 95
203743- iteration - 96
203745- iteration - 97
203747- iteration - 98
203836- iteration - 2
203838- iteration - 3
203840- iteration - 4
203842- iteration - 5
203844- iteration - 6
203846- iteration - 7
203848- iteration - 8
203850- iteration - 9
203852- iteration - 10
203854- iteration - 11
203856- iteration - 12
203858- iteration - 13
203900- iteration - 14
203902- iteration - 15
203904- iteration - 16
203906- iteration - 17
203908- iteration - 18
203910- iteration - 19
203912- iteration - 20
203914- iteration - 21
203916- iteration - 22
203918- iteration - 23
203920- iteration - 24
203922- iteration - 25
203924- iteration - 26
203926- iteration - 27
203928- iteration - 28
203930- iteration - 29
203932- iteration - 30
203934- iteration - 31
203936- iteration - 32
203938- iteration - 33
203940- iteration - 34
203942- iteration - 35
210700- iteration - 2
210702- iteration - 3
210704- iteration - 4
210706- iteration - 5
210708- iteration - 6
210710- iteration - 7
210712- iteration - 8
210714- iteration - 9
210716- iteration - 10
210718- iteration - 11
210720- iteration - 12
210722- iteration - 13
210724- iteration - 14
210726- iteration - 15
210728- iteration - 16
210730- iteration - 17
210732- iteration - 18
210734- iteration - 19
210736- iteration - 20
210738- iteration - 21
210740- iteration - 22
210742- iteration - 23
210744- iteration - 24
210746- iteration - 25
210748- iteration - 26
210750- iteration - 27
210752- iteration - 28
210754- iteration - 29
210756- iteration - 30
210758- iteration - 31
210800- iteration - 32
210802- iteration - 33
210804- iteration - 34
210806- iteration - 35
210808- iteration - 36
210810- iteration - 37
210812- iteration - 38
210814- iteration - 39
210816- iteration - 40
210818- iteration - 41
210820- iteration - 42
210822- iteration - 43
210824- iteration - 44
210826- iteration - 45
210828- iteration - 46
210830- iteration - 47
210832- iteration - 48
210834- iteration - 49
210837- iteration - 50
210839- iteration - 51
210841- iteration - 52
210843- iteration - 53
210845- iteration - 54
210847- iteration - 55
210849- iteration - 56
210851- iteration - 57
210853- iteration - 58
210855- iteration - 59
210857- iteration - 60
210859- iteration - 61
210901- iteration - 62
210903- iteration - 63
210905- iteration - 64
210907- iteration - 65
210909- iteration - 66
210911- iteration - 67
210913- iteration - 68
210915- iteration - 69
210917- iteration - 70
210919- iteration - 71
210921- iteration - 72
210923- iteration - 73
210925- iteration - 74
210927- iteration - 75
210929- iteration - 76
210931- iteration - 77
210933- iteration - 78
210935- iteration - 79
210937- iteration - 80
210939- iteration - 81
210941- iteration - 82
210943- iteration - 83
210945- iteration - 84
210947- iteration - 85
210949- iteration - 86
210951- iteration - 87
210953- iteration - 88
210955- iteration - 89
210957- iteration - 90
210959- iteration - 91
211001- iteration - 92
211003- iteration - 93
211005- iteration - 94
211007- iteration - 95
211009- iteration - 96
211011- iteration - 97
211013- iteration - 98
211015- iteration - 99
211017- iteration - 100
211019- iteration - 101
211021- iteration - 102
211023- iteration - 103
211025- iteration - 104
211027- iteration - 105
211029- iteration - 106
211031- iteration - 107
211033- iteration - 108
211035- iteration - 109
211037- iteration - 110
211039- iteration - 111
211041- iteration - 112
211043- iteration - 113
211045- iteration - 114
211047- iteration - 115
211049- iteration - 116
211051- iteration - 117
211053- iteration - 118
211055- iteration - 119
211057- iteration - 120
211059- iteration - 121
211101- iteration - 122
211103- iteration - 123
211105- iteration - 124
211107- iteration - 125
211109- iteration - 126
211111- iteration - 127
211113- iteration - 128
211115- iteration - 129
211117- iteration - 130
211119- iteration - 131
211121- iteration - 132
211123- iteration - 133
211125- iteration - 134
211127- iteration - 135
211129- iteration - 136
211131- iteration - 137
211133- iteration - 138
211135- iteration - 139
211137- iteration - 140
211139- iteration - 141
211141- iteration - 142
211143- iteration - 143
211145- iteration - 144
211147- iteration - 145
211149- iteration - 146
211151- iteration - 147
211153- iteration - 148
211155- iteration - 149
211157- iteration - 150
211159- iteration - 151
211201- iteration - 152
211203- iteration - 153
211205- iteration - 154
211207- iteration - 155
211209- iteration - 156
211211- iteration - 157
211213- iteration - 158
211215- iteration - 159
211217- iteration - 160
211219- iteration - 161
211221- iteration - 162
211223- iteration - 163
211225- iteration - 164
211227- iteration - 165
211229- iteration - 166
211231- iteration - 167
211233- iteration - 168
211235- iteration - 169
211237- iteration - 170
211239- iteration - 171
211241- iteration - 172
211243- iteration - 173
211245- iteration - 174
211247- iteration - 175
211249- iteration - 176
211251- iteration - 177
211253- iteration - 178
211255- iteration - 179
211257- iteration - 180
211259- iteration - 181
211301- iteration - 182
211303- iteration - 183
211305- iteration - 184
211307- iteration - 185
211309- iteration - 186
211311- iteration - 187
211313- iteration - 188
211315- iteration - 189
211317- iteration - 190
211319- iteration - 191
211321- iteration - 192
211323- iteration - 193
211325- iteration - 194
211327- iteration - 195
211329- iteration - 196
211331- iteration - 197
211333- iteration - 198
211335- iteration - 199
211337- iteration - 200
211339- iteration - 201
211341- iteration - 202
211343- iteration - 203
211345- iteration - 204
211347- iteration - 205
211349- iteration - 206
211351- iteration - 207
211353- iteration - 208
211355- iteration - 209
211357- iteration - 210
211359- iteration - 211
211401- iteration - 212
211403- iteration - 213
211405- iteration - 214
211407- iteration - 215
211409- iteration - 216
211411- iteration - 217
211413- iteration - 218
211415- iteration - 219
211417- iteration - 220
211419- iteration - 221
211421- iteration - 222
211423- iteration - 223
211425- iteration - 224
211427- iteration - 225
211429- iteration - 226
211431- iteration - 227
211433- iteration - 228
211435- iteration - 229
211437- iteration - 230
211439- iteration - 231
211441- iteration - 232
211443- iteration - 233
211445- iteration - 234
211447- iteration - 235
211449- iteration - 236
211451- iteration - 237
211453- iteration - 238
211455- iteration - 239
211457- iteration - 240
211459- iteration - 241
211501- iteration - 242
211503- iteration - 243
211505- iteration - 244
211507- iteration - 245
211509- iteration - 246
211511- iteration - 247
211513- iteration - 248
211515- iteration - 249
211517- iteration - 250
211519- iteration - 251
211521- iteration - 252
211523- iteration - 253
211525- iteration - 254
211527- iteration - 255
211529- iteration - 256
211531- iteration - 257
211533- iteration - 258
211535- iteration - 259
211537- iteration - 260
211539- iteration - 261
211541- iteration - 262
211543- iteration - 263
211545- iteration - 264
211547- iteration - 265
211549- iteration - 266
211551- iteration - 267
211553- iteration - 268
211555- iteration - 269
211557- iteration - 270
211559- iteration - 271
211601- iteration - 272
211603- iteration - 273
211605- iteration - 274
211607- iteration - 275
211609- iteration - 276
211611- iteration - 277
211613- iteration - 278
211615- iteration - 279
211617- iteration - 280
211619- iteration - 281
211621- iteration - 282
211623- iteration - 283
211625- iteration - 284
211627- iteration - 285
211629- iteration - 286
211631- iteration - 287
211633- iteration - 288
211635- iteration - 289
211637- iteration - 290
211639- iteration - 291
211641- iteration - 292
211643- iteration - 293
211645- iteration - 294
211647- iteration - 295
211649- iteration - 296
211651- iteration - 297
211653- iteration - 298
211655- iteration - 299
211657- iteration - 300
211659- iteration - 301
211701- iteration - 302
211703- iteration - 303
211705- iteration - 304
211707- iteration - 305
211709- iteration - 306
211711- iteration - 307
211713- iteration - 308
211715- iteration - 309
211717- iteration - 310
211719- iteration - 311
211721- iteration - 312
211723- iteration - 313
211725- iteration - 314
211727- iteration - 315
211729- iteration - 316
211731- iteration - 317
211733- iteration - 318
211735- iteration - 319
211737- iteration - 320
211739- iteration - 321
211741- iteration - 322
211743- iteration - 323
211745- iteration - 324
211747- iteration - 325
211749- iteration - 326
211751- iteration - 327
211753- iteration - 328
211755- iteration - 329
211757- iteration - 330
211759- iteration - 331
211801- iteration - 332
211803- iteration - 333
211805- iteration - 334
211807- iteration - 335
211809- iteration - 336
211811- iteration - 337
211813- iteration - 338
211815- iteration - 339
211817- iteration - 340
211819- iteration - 341
211821- iteration - 342
211823- iteration - 343
211825- iteration - 344
211827- iteration - 345
211829- iteration - 346
211831- iteration - 347
211833- iteration - 348
211835- iteration - 349
211837- iteration - 350
211839- iteration - 351
211841- iteration - 352
211843- iteration - 353
211845- iteration - 354
211847- iteration - 355
211849- iteration - 356
211851- iteration - 357
211853- iteration - 358
211855- iteration - 359
211857- iteration - 360
211859- iteration - 361
211901- iteration - 362
211903- iteration - 363
211905- iteration - 364
211907- iteration - 365
211909- iteration - 366
211911- iteration - 367
211913- iteration - 368
211915- iteration - 369
211917- iteration - 370
211919- iteration - 371
211921- iteration - 372
211923- iteration - 373
211925- iteration - 374
211927- iteration - 375
211929- iteration - 376
211931- iteration - 377
211933- iteration - 378
211935- iteration - 379
211937- iteration - 380
211939- iteration - 381
211941- iteration - 382
211943- iteration - 383
211945- iteration - 384
211947- iteration - 385
211949- iteration - 386
211951- iteration - 387
211953- iteration - 388
211955- iteration - 389
211957- iteration - 390
211959- iteration - 391
212001- iteration - 392
212003- iteration - 393
212005- iteration - 394
212007- iteration - 395
212009- iteration - 396
212011- iteration - 397
212013- iteration - 398
212015- iteration - 399
212017- iteration - 400
212019- iteration - 401
212021- iteration - 402
212023- iteration - 403
212025- iteration - 404
212027- iteration - 405
212029- iteration - 406
212031- iteration - 407
212033- iteration - 408
212035- iteration - 409
212037- iteration - 410
212039- iteration - 411
212041- iteration - 412
212043- iteration - 413
212045- iteration - 414
212047- iteration - 415
212049- iteration - 416
212051- iteration - 417
212053- iteration - 418
212055- iteration - 419
212057- iteration - 420
212059- iteration - 421
212101- iteration - 422
212103- iteration - 423
212105- iteration - 424
212107- iteration - 425
212109- iteration - 426
212111- iteration - 427
212113- iteration - 428
212115- iteration - 429
212117- iteration - 430
212119- iteration - 431
212121- iteration - 432
212123- iteration - 433
212125- iteration - 434
212127- iteration - 435
212129- iteration - 436
212131- iteration - 437
212133- iteration - 438
212135- iteration - 439
212137- iteration - 440
212139- iteration - 441
212141- iteration - 442
212143- iteration - 443
212145- iteration - 444
212147- iteration - 445
212149- iteration - 446
212151- iteration - 447
212153- iteration - 448
212155- iteration - 449
212157- iteration - 450
212159- iteration - 451
212201- iteration - 452
212203- iteration - 453
212205- iteration - 454
212207- iteration - 455
212209- iteration - 456
212211- iteration - 457
212213- iteration - 458
212215- iteration - 459
212217- iteration - 460
212219- iteration - 461
212221- iteration - 462
212223- iteration - 463
212225- iteration - 464
212227- iteration - 465
212229- iteration - 466
212231- iteration - 467
212233- iteration - 468
212235- iteration - 469
212237- iteration - 470
212239- iteration - 471
212241- iteration - 472
212243- iteration - 473
212245- iteration - 474
212247- iteration - 475
212249- iteration - 476
212251- iteration - 477
212253- iteration - 478
212255- iteration - 479
212257- iteration - 480
212259- iteration - 481
212301- iteration - 482
212303- iteration - 483
212305- iteration - 484
212307- iteration - 485
212309- iteration - 486
212311- iteration - 487
212313- iteration - 488
212315- iteration - 489
212317- iteration - 490
212319- iteration - 491
212321- iteration - 492
212323- iteration - 493
212325- iteration - 494
212327- iteration - 495
212329- iteration - 496
212331- iteration - 497
212333- iteration - 498
212335- iteration - 499
212337- iteration - 500
212339- iteration - 501
212341- iteration - 502
212343- iteration - 503
212345- iteration - 504
212347- iteration - 505
212349- iteration - 506
212351- iteration - 507
212353- iteration - 508
212355- iteration - 509
212357- iteration - 510
212359- iteration - 511
212401- iteration - 512
212403- iteration - 513
212405- iteration - 514
212407- iteration - 515
212409- iteration - 516
212411- iteration - 517
212413- iteration - 518
212415- iteration - 519
212417- iteration - 520
212419- iteration - 521
212421- iteration - 522
212423- iteration - 523
212425- iteration - 524
212427- iteration - 525
212429- iteration - 526
212431- iteration - 527
212433- iteration - 528
212435- iteration - 529
212437- iteration - 530
212439- iteration - 531
212441- iteration - 532
212443- iteration - 533
212445- iteration - 534
212447- iteration - 535
212449- iteration - 536
212451- iteration - 537
212453- iteration - 538
212455- iteration - 539
212457- iteration - 540
212459- iteration - 541
212501- iteration - 542
212503- iteration - 543
212505- iteration - 544
212507- iteration - 545
212509- iteration - 546
212511- iteration - 547
212513- iteration - 548
212515- iteration - 549
212517- iteration - 550
212519- iteration - 551
212521- iteration - 552
212523- iteration - 553
212525- iteration - 554
212527- iteration - 555
212529- iteration - 556
212531- iteration - 557
212533- iteration - 558
212535- iteration - 559
212537- iteration - 560
212539- iteration - 561
212541- iteration - 562
212543- iteration - 563
212545- iteration - 564
212547- iteration - 565
212549- iteration - 566
212551- iteration - 567
212553- iteration - 568
212555- iteration - 569
212557- iteration - 570
212559- iteration - 571
212601- iteration - 572
212603- iteration - 573
212605- iteration - 574
212607- iteration - 575
212609- iteration - 576
212611- iteration - 577
212613- iteration - 578
212615- iteration - 579
212617- iteration - 580
212619- iteration - 581
212621- iteration - 582
212623- iteration - 583
212625- iteration - 584
212627- iteration - 585
212629- iteration - 586
212631- iteration - 587
212633- iteration - 588
212635- iteration - 589
212637- iteration - 590
212639- iteration - 591
212641- iteration - 592
212643- iteration - 593
212645- iteration - 594
212647- iteration - 595
212649- iteration - 596
212651- iteration - 597
212653- iteration - 598
212655- iteration - 599
212657- iteration - 600
212659- iteration - 601
212701- iteration - 602
212703- iteration - 603
212705- iteration - 604
212707- iteration - 605
212709- iteration - 606
212711- iteration - 607
212713- iteration - 608
212715- iteration - 609
212717- iteration - 610
212719- iteration - 611
212721- iteration - 612
212723- iteration - 613
212725- iteration - 614
212727- iteration - 615
212729- iteration - 616
212731- iteration - 617
212733- iteration - 618
212735- iteration - 619
212737- iteration - 620
212739- iteration - 621
212741- iteration - 622
212743- iteration - 623
212745- iteration - 624
212747- iteration - 625
212749- iteration - 626
212751- iteration - 627
212753- iteration - 628
212755- iteration - 629
212757- iteration - 630
212759- iteration - 631
212801- iteration - 632
212803- iteration - 633
212805- iteration - 634
212807- iteration - 635
212809- iteration - 636
212811- iteration - 637
212813- iteration - 638
212815- iteration - 639
212817- iteration - 640
212819- iteration - 641
212821- iteration - 642
212823- iteration - 643
212825- iteration - 644
212827- iteration - 645
212829- iteration - 646
212831- iteration - 647
212833- iteration - 648
212835- iteration - 649
212837- iteration - 650
212839- iteration - 651
212841- iteration - 652
212843- iteration - 653
212845- iteration - 654
212847- iteration - 655
212849- iteration - 656
212851- iteration - 657
212853- iteration - 658
212855- iteration - 659
212857- iteration - 660
212859- iteration - 661
212901- iteration - 662
212903- iteration - 663
212905- iteration - 664
212907- iteration - 665
212909- iteration - 666
212911- iteration - 667
212913- iteration - 668
212915- iteration - 669
212917- iteration - 670
212919- iteration - 671
212921- iteration - 672
212923- iteration - 673
212925- iteration - 674
212927- iteration - 675
212929- iteration - 676
212931- iteration - 677
212933- iteration - 678
212935- iteration - 679
212937- iteration - 680
212939- iteration - 681
212941- iteration - 682
212943- iteration - 683
212945- iteration - 684
212947- iteration - 685
212949- iteration - 686
212951- iteration - 687
212953- iteration - 688
212955- iteration - 689
212957- iteration - 690
212959- iteration - 691
213001- iteration - 692
213003- iteration - 693
213005- iteration - 694
213007- iteration - 695
213009- iteration - 696
213011- iteration - 697
213013- iteration - 698
213015- iteration - 699
213017- iteration - 700
213019- iteration - 701
213021- iteration - 702
213023- iteration - 703
213025- iteration - 704
213027- iteration - 705
213029- iteration - 706
213031- iteration - 707
213033- iteration - 708
213035- iteration - 709
213037- iteration - 710
213039- iteration - 711
213041- iteration - 712
213043- iteration - 713
213045- iteration - 714
213047- iteration - 715
213049- iteration - 716
213051- iteration - 717
213053- iteration - 718
213055- iteration - 719
213057- iteration - 720
213059- iteration - 721
213101- iteration - 722
213103- iteration - 723
213105- iteration - 724
213107- iteration - 725
213109- iteration - 726
213111- iteration - 727
213113- iteration - 728
213115- iteration - 729
213117- iteration - 730
213119- iteration - 731
213121- iteration - 732
213123- iteration - 733
213125- iteration - 734
213127- iteration - 735
213129- iteration - 736
213131- iteration - 737
213133- iteration - 738
213135- iteration - 739
213137- iteration - 740
213139- iteration - 741
213141- iteration - 742
213143- iteration - 743
213145- iteration - 744
213147- iteration - 745
213149- iteration - 746
213151- iteration - 747
213153- iteration - 748
213155- iteration - 749
213157- iteration - 750
213159- iteration - 751
213201- iteration - 752
213203- iteration - 753
213205- iteration - 754
213207- iteration - 755
213209- iteration - 756
213211- iteration - 757
213213- iteration - 758
213215- iteration - 759
213217- iteration - 760
213219- iteration - 761
213221- iteration - 762
213223- iteration - 763
213225- iteration - 764
213227- iteration - 765
213229- iteration - 766
213231- iteration - 767
213233- iteration - 768
213235- iteration - 769
213237- iteration - 770
213239- iteration - 771
213241- iteration - 772
213243- iteration - 773
213245- iteration - 774
213247- iteration - 775
213249- iteration - 776
213251- iteration - 777
213253- iteration - 778
213255- iteration - 779
213257- iteration - 780
213259- iteration - 781
213301- iteration - 782
213303- iteration - 783
213305- iteration - 784
213307- iteration - 785
213309- iteration - 786
213311- iteration - 787
213313- iteration - 788
213315- iteration - 789
213317- iteration - 790
213319- iteration - 791
213321- iteration - 792
213323- iteration - 793
213325- iteration - 794
213327- iteration - 795
213329- iteration - 796
213331- iteration - 797
213333- iteration - 798
213335- iteration - 799
213337- iteration - 800
213339- iteration - 801
213341- iteration - 802
213343- iteration - 803
213345- iteration - 804
213347- iteration - 805
213349- iteration - 806
213351- iteration - 807
213353- iteration - 808
213355- iteration - 809
213357- iteration - 810
213359- iteration - 811
213401- iteration - 812
213403- iteration - 813
213405- iteration - 814
213408- iteration - 815
213410- iteration - 816
213412- iteration - 817
213414- iteration - 818
213416- iteration - 819
213418- iteration - 820
213420- iteration - 821
213422- iteration - 822
213424- iteration - 823
213426- iteration - 824
213428- iteration - 825
213430- iteration - 826
213432- iteration - 827
213434- iteration - 828
213436- iteration - 829
213438- iteration - 830
213440- iteration - 831
213442- iteration - 832
213444- iteration - 833
213446- iteration - 834
213448- iteration - 835
213450- iteration - 836
213452- iteration - 837
213454- iteration - 838
213456- iteration - 839
213458- iteration - 840
213500- iteration - 841
213502- iteration - 842
213504- iteration - 843
213506- iteration - 844
213508- iteration - 845
213510- iteration - 846
213512- iteration - 847
213514- iteration - 848
213516- iteration - 849
213518- iteration - 850
213520- iteration - 851
213522- iteration - 852
213524- iteration - 853
213526- iteration - 854
213528- iteration - 855
213530- iteration - 856
213532- iteration - 857
213534- iteration - 858
213536- iteration - 859
213538- iteration - 860
213540- iteration - 861
213542- iteration - 862
213544- iteration - 863
213546- iteration - 864
213548- iteration - 865
213550- iteration - 866
213552- iteration - 867
213554- iteration - 868
213556- iteration - 869
213558- iteration - 870
213600- iteration - 871
213602- iteration - 872
213604- iteration - 873
213606- iteration - 874
213608- iteration - 875
213610- iteration - 876
213612- iteration - 877
213614- iteration - 878
213616- iteration - 879
213618- iteration - 880
213620- iteration - 881
213622- iteration - 882
213624- iteration - 883
213626- iteration - 884
213628- iteration - 885
213630- iteration - 886
213632- iteration - 887
213634- iteration - 888
213636- iteration - 889
213638- iteration - 890
213640- iteration - 891
213642- iteration - 892
213644- iteration - 893
213646- iteration - 894
213648- iteration - 895
213650- iteration - 896
213652- iteration - 897
213654- iteration - 898
213656- iteration - 899
213658- iteration - 900
213700- iteration - 901
213702- iteration - 902
213704- iteration - 903
213706- iteration - 904
213708- iteration - 905
213710- iteration - 906
213712- iteration - 907
213714- iteration - 908
213716- iteration - 909
213718- iteration - 910
213720- iteration - 911
213722- iteration - 912
213724- iteration - 913
213726- iteration - 914
213728- iteration - 915
213730- iteration - 916
213732- iteration - 917
213734- iteration - 918
213736- iteration - 919
213738- iteration - 920
213740- iteration - 921
213742- iteration - 922
213744- iteration - 923
213746- iteration - 924
213748- iteration - 925
213750- iteration - 926
213752- iteration - 927
213754- iteration - 928
213756- iteration - 929
213758- iteration - 930
213800- iteration - 931
213802- iteration - 932
213804- iteration - 933
213806- iteration - 934
213808- iteration - 935
213810- iteration - 936
213812- iteration - 937
213814- iteration - 938
213816- iteration - 939
213818- iteration - 940
213820- iteration - 941
213822- iteration - 942
213824- iteration - 943
213826- iteration - 944
213828- iteration - 945
213830- iteration - 946
213832- iteration - 947
213834- iteration - 948
213836- iteration - 949
213838- iteration - 950
213840- iteration - 951
213842- iteration - 952
213844- iteration - 953
213846- iteration - 954
213848- iteration - 955
213850- iteration - 956
213852- iteration - 957
213854- iteration - 958
213856- iteration - 959
213858- iteration - 960
213900- iteration - 961
213902- iteration - 962
213904- iteration - 963
213906- iteration - 964
213908- iteration - 965
213910- iteration - 966
213912- iteration - 967
213914- iteration - 968
213916- iteration - 969
213918- iteration - 970
213920- iteration - 971
213922- iteration - 972
213924- iteration - 973
213926- iteration - 974
213928- iteration - 975
213930- iteration - 976
213932- iteration - 977
213934- iteration - 978
213936- iteration - 979
213938- iteration - 980
213940- iteration - 981
213942- iteration - 982
213944- iteration - 983
213946- iteration - 984
213948- iteration - 985
213950- iteration - 986
213952- iteration - 987
213954- iteration - 988
213956- iteration - 989
221116- iteration - 2
221118- iteration - 3
221120- iteration - 4
221122- iteration - 5
221124- iteration - 6
221126- iteration - 7
221128- iteration - 8
221130- iteration - 9
221132- iteration - 10
221134- iteration - 11
221136- iteration - 12
221138- iteration - 13
221140- iteration - 14
221142- iteration - 15
221144- iteration - 16
221146- iteration - 17
221148- iteration - 18
221150- iteration - 19
221210- iteration - 2
221212- iteration - 3
221214- iteration - 4
221216- iteration - 5
221218- iteration - 6
221220- iteration - 7
221222- iteration - 8
221224- iteration - 9
221226- iteration - 10
221228- iteration - 11
221442- iteration - 2
221444- iteration - 3
221446- iteration - 4
221448- iteration - 5
221450- iteration - 6
221452- iteration - 7
221454- iteration - 8
221456- iteration - 9
221458- iteration - 10
221500- iteration - 11
221502- iteration - 12
221504- iteration - 13
221506- iteration - 14
221508- iteration - 15
221510- iteration - 16
221512- iteration - 17
221514- iteration - 18
221516- iteration - 19
221518- iteration - 20
221520- iteration - 21
221522- iteration - 22
221524- iteration - 23
221526- iteration - 24
221528- iteration - 25
221530- iteration - 26
221532- iteration - 27
221534- iteration - 28
221536- iteration - 29
221538- iteration - 30
221540- iteration - 31
221542- iteration - 32
221544- iteration - 33
221546- iteration - 34
221548- iteration - 35
221550- iteration - 36
221552- iteration - 37
221554- iteration - 38
221608- iteration - 2
221610- iteration - 3
221612- iteration - 4
221614- iteration - 5
221616- iteration - 6
221618- iteration - 7
221620- iteration - 8
221622- iteration - 9
221624- iteration - 10
221626- iteration - 11
221628- iteration - 12
221630- iteration - 13
221632- iteration - 14
221634- iteration - 15
221636- iteration - 16
221638- iteration - 17
221640- iteration - 18
221642- iteration - 19
221644- iteration - 20
221646- iteration - 21
221648- iteration - 22
221650- iteration - 23
221652- iteration - 24
221654- iteration - 25
221656- iteration - 26
221658- iteration - 27
221700- iteration - 28
221702- iteration - 29
221704- iteration - 30
221706- iteration - 31
221708- iteration - 32
221710- iteration - 33
221712- iteration - 34
221714- iteration - 35
221716- iteration - 36
221718- iteration - 37
221720- iteration - 38
221722- iteration - 39
221724- iteration - 40
221726- iteration - 41
221728- iteration - 42
221730- iteration - 43
221732- iteration - 44
221734- iteration - 45
221736- iteration - 46
221738- iteration - 47
221740- iteration - 48
221742- iteration - 49
221744- iteration - 50
221746- iteration - 51
221748- iteration - 52
221750- iteration - 53
221752- iteration - 54
221754- iteration - 55
221756- iteration - 56
221758- iteration - 57
221800- iteration - 58
221802- iteration - 59
221804- iteration - 60
221806- iteration - 61
221808- iteration - 62
221810- iteration - 63
221812- iteration - 64
221814- iteration - 65
221816- iteration - 66
221818- iteration - 67
221820- iteration - 68
221822- iteration - 69
221824- iteration - 70
221826- iteration - 71
221828- iteration - 72
221830- iteration - 73
221832- iteration - 74
221834- iteration - 75
221836- iteration - 76
221838- iteration - 77
221840- iteration - 78
221842- iteration - 79
221844- iteration - 80
221846- iteration - 81
221848- iteration - 82
221850- iteration - 83
221852- iteration - 84
221854- iteration - 85
221856- iteration - 86
221858- iteration - 87
221900- iteration - 88
221902- iteration - 89
221904- iteration - 90
221906- iteration - 91
221908- iteration - 92
221910- iteration - 93
221912- iteration - 94
221914- iteration - 95
221916- iteration - 96
221918- iteration - 97
221920- iteration - 98
221922- iteration - 99
221924- iteration - 100
221926- iteration - 101
221928- iteration - 102
221930- iteration - 103
221932- iteration - 104
221934- iteration - 105
221936- iteration - 106
221938- iteration - 107
221940- iteration - 108
221942- iteration - 109
221944- iteration - 110
221946- iteration - 111
221948- iteration - 112
221950- iteration - 113
221952- iteration - 114
221954- iteration - 115
221956- iteration - 116
221958- iteration - 117
222000- iteration - 118
222002- iteration - 119
222004- iteration - 120
222006- iteration - 121
222008- iteration - 122
222010- iteration - 123
222012- iteration - 124
222014- iteration - 125
222016- iteration - 126
222018- iteration - 127
222020- iteration - 128
222022- iteration - 129
222024- iteration - 130
222026- iteration - 131
222028- iteration - 132
222030- iteration - 133
222032- iteration - 134
222034- iteration - 135
222036- iteration - 136
222038- iteration - 137
222040- iteration - 138
222042- iteration - 139
222044- iteration - 140
222046- iteration - 141
222048- iteration - 142
222050- iteration - 143
222052- iteration - 144
222054- iteration - 145
222056- iteration - 146
222058- iteration - 147
222100- iteration - 148
222102- iteration - 149
222104- iteration - 150
222106- iteration - 151
222108- iteration - 152
222110- iteration - 153
222112- iteration - 154
222114- iteration - 155
222116- iteration - 156
222118- iteration - 157
222120- iteration - 158
222122- iteration - 159
222124- iteration - 160
222126- iteration - 161
222128- iteration - 162
222130- iteration - 163
222132- iteration - 164
222134- iteration - 165
222136- iteration - 166
222138- iteration - 167
222140- iteration - 168
222142- iteration - 169
222144- iteration - 170
222146- iteration - 171
222148- iteration - 172
222150- iteration - 173
222152- iteration - 174
222154- iteration - 175
222156- iteration - 176
222158- iteration - 177
222200- iteration - 178
222202- iteration - 179
222204- iteration - 180
222206- iteration - 181
222208- iteration - 182
222210- iteration - 183
222212- iteration - 184
222214- iteration - 185
222216- iteration - 186
222218- iteration - 187
222220- iteration - 188
222222- iteration - 189
222224- iteration - 190
222226- iteration - 191
222228- iteration - 192
222230- iteration - 193
222232- iteration - 194
222435- iteration - 2
222437- iteration - 3
222439- iteration - 4
222441- iteration - 5
222443- iteration - 6
222445- iteration - 7
222447- iteration - 8
222449- iteration - 9
222451- iteration - 10
222453- iteration - 11
222455- iteration - 12
222457- iteration - 13
222459- iteration - 14
222501- iteration - 15
222503- iteration - 16
222505- iteration - 17
222507- iteration - 18
222509- iteration - 19
222511- iteration - 20
222513- iteration - 21
222515- iteration - 22
222517- iteration - 23
222519- iteration - 24
222521- iteration - 25
222523- iteration - 26
222525- iteration - 27
222527- iteration - 28
222529- iteration - 29
222531- iteration - 30
222533- iteration - 31
222535- iteration - 32
222537- iteration - 33
222539- iteration - 34
222541- iteration - 35
222543- iteration - 36
222545- iteration - 37
222547- iteration - 38
222549- iteration - 39
222551- iteration - 40
222553- iteration - 41
222555- iteration - 42
222557- iteration - 43
222559- iteration - 44
222601- iteration - 45
222603- iteration - 46
222605- iteration - 47
222607- iteration - 48
222609- iteration - 49
222611- iteration - 50
222613- iteration - 51
222615- iteration - 52
222617- iteration - 53
222619- iteration - 54
222621- iteration - 55
222623- iteration - 56
222625- iteration - 57
222627- iteration - 58
222629- iteration - 59
222631- iteration - 60
222633- iteration - 61
222635- iteration - 62
222637- iteration - 63
222639- iteration - 64
222641- iteration - 65
222643- iteration - 66
222645- iteration - 67
222647- iteration - 68
222649- iteration - 69
222651- iteration - 70
222653- iteration - 71
222655- iteration - 72
222657- iteration - 73
222659- iteration - 74
222701- iteration - 75
222703- iteration - 76
222705- iteration - 77
222707- iteration - 78
222709- iteration - 79
222711- iteration - 80
222713- iteration - 81
222715- iteration - 82
222717- iteration - 83
222719- iteration - 84
222721- iteration - 85
222723- iteration - 86
222725- iteration - 87
222727- iteration - 88
222729- iteration - 89
222731- iteration - 90
222733- iteration - 91
222735- iteration - 92
222737- iteration - 93
222739- iteration - 94
222741- iteration - 95
222743- iteration - 96
222745- iteration - 97
222747- iteration - 98
222749- iteration - 99
222751- iteration - 100
222753- iteration - 101
222755- iteration - 102
222757- iteration - 103
222759- iteration - 104
222801- iteration - 105
222803- iteration - 106
222805- iteration - 107
222807- iteration - 108
222809- iteration - 109
222811- iteration - 110
222813- iteration - 111
222815- iteration - 112
222817- iteration - 113
222819- iteration - 114
222821- iteration - 115
222823- iteration - 116
222825- iteration - 117
222827- iteration - 118
222829- iteration - 119
222831- iteration - 120
222833- iteration - 121
222835- iteration - 122
222837- iteration - 123
222839- iteration - 124
222841- iteration - 125
222843- iteration - 126
222845- iteration - 127
222847- iteration - 128
222849- iteration - 129
222851- iteration - 130
222853- iteration - 131
222855- iteration - 132
222857- iteration - 133
222859- iteration - 134
222901- iteration - 135
222903- iteration - 136
222905- iteration - 137
222907- iteration - 138
222909- iteration - 139
222911- iteration - 140
222913- iteration - 141
222915- iteration - 142
222917- iteration - 143
222919- iteration - 144
222921- iteration - 145
222923- iteration - 146
222925- iteration - 147
222927- iteration - 148
222929- iteration - 149
222931- iteration - 150
222933- iteration - 151
222935- iteration - 152
222937- iteration - 153
222939- iteration - 154
222941- iteration - 155
222943- iteration - 156
222945- iteration - 157
222947- iteration - 158
222949- iteration - 159
222951- iteration - 160
222953- iteration - 161
222955- iteration - 162
222957- iteration - 163
222959- iteration - 164
223001- iteration - 165
223003- iteration - 166
223005- iteration - 167
223007- iteration - 168
223009- iteration - 169
223011- iteration - 170
223013- iteration - 171
223015- iteration - 172
223017- iteration - 173
223019- iteration - 174
223021- iteration - 175
223023- iteration - 176
223025- iteration - 177
223027- iteration - 178
223029- iteration - 179
223031- iteration - 180
223033- iteration - 181
223035- iteration - 182
223037- iteration - 183
223039- iteration - 184
223041- iteration - 185
223043- iteration - 186
223045- iteration - 187
223047- iteration - 188
223049- iteration - 189
223051- iteration - 190
223053- iteration - 191
223055- iteration - 192
223057- iteration - 193
223059- iteration - 194
223101- iteration - 195
223103- iteration - 196
223105- iteration - 197
223107- iteration - 198
223109- iteration - 199
223111- iteration - 200
223113- iteration - 201
223115- iteration - 202
223117- iteration - 203
223119- iteration - 204
223121- iteration - 205
223123- iteration - 206
223125- iteration - 207
223127- iteration - 208
223129- iteration - 209
223131- iteration - 210
223133- iteration - 211
223135- iteration - 212
223137- iteration - 213
223139- iteration - 214
223141- iteration - 215
223143- iteration - 216
223145- iteration - 217
223147- iteration - 218
223149- iteration - 219
223151- iteration - 220
223153- iteration - 221
223155- iteration - 222
223157- iteration - 223
223159- iteration - 224
223201- iteration - 225
223203- iteration - 226
223205- iteration - 227
223207- iteration - 228
223209- iteration - 229
223211- iteration - 230
223214- iteration - 231
223216- iteration - 232
223218- iteration - 233
223220- iteration - 234
223222- iteration - 235
223224- iteration - 236
223226- iteration - 237
223228- iteration - 238
223230- iteration - 239
223232- iteration - 240
223234- iteration - 241
223236- iteration - 242
223238- iteration - 243
223240- iteration - 244
223242- iteration - 245
223244- iteration - 246
223246- iteration - 247
223248- iteration - 248
223250- iteration - 249
223252- iteration - 250
223254- iteration - 251
223256- iteration - 252
223258- iteration - 253
223300- iteration - 254
223302- iteration - 255
223304- iteration - 256
223306- iteration - 257
223308- iteration - 258
223310- iteration - 259
223312- iteration - 260
223314- iteration - 261
223316- iteration - 262
223318- iteration - 263
223320- iteration - 264
223322- iteration - 265
223324- iteration - 266
223326- iteration - 267
223328- iteration - 268
223330- iteration - 269
223332- iteration - 270
223334- iteration - 271
223336- iteration - 272
223338- iteration - 273
223340- iteration - 274
223342- iteration - 275
223344- iteration - 276
223346- iteration - 277
223348- iteration - 278
223350- iteration - 279
223352- iteration - 280
223354- iteration - 281
223356- iteration - 282
223358- iteration - 283
223400- iteration - 284
223402- iteration - 285
223404- iteration - 286
223406- iteration - 287
223408- iteration - 288
223410- iteration - 289
223412- iteration - 290
223414- iteration - 291
223416- iteration - 292
223418- iteration - 293
223420- iteration - 294
223422- iteration - 295
223424- iteration - 296
223426- iteration - 297
223428- iteration - 298
223430- iteration - 299
223432- iteration - 300
223434- iteration - 301
223436- iteration - 302
223438- iteration - 303
223440- iteration - 304
223442- iteration - 305
223444- iteration - 306
223446- iteration - 307
223448- iteration - 308
223450- iteration - 309
223452- iteration - 310
223454- iteration - 311
223456- iteration - 312
223458- iteration - 313
223500- iteration - 314
223501- iteration - 315
223503- iteration - 316
223505- iteration - 317
223507- iteration - 318
223509- iteration - 319
223511- iteration - 320
223513- iteration - 321
223515- iteration - 322
223517- iteration - 323
223519- iteration - 324
223521- iteration - 325
223746- iteration - 2
223748- iteration - 3
223750- iteration - 4
223752- iteration - 5
223754- iteration - 6
223756- iteration - 7
223758- iteration - 8
223800- iteration - 9
223802- iteration - 10
223803- iteration - 11
223805- iteration - 12
223807- iteration - 13
223807- iteration - 14
223809- iteration - 15
223811- iteration - 16
223813- iteration - 17
223815- iteration - 18
223817- iteration - 19
223819- iteration - 20
223821- iteration - 21
223823- iteration - 22
223825- iteration - 23
223827- iteration - 24
223829- iteration - 25
223831- iteration - 26
223833- iteration - 27
223835- iteration - 28
223837- iteration - 29
223839- iteration - 30
223841- iteration - 31
223843- iteration - 32
223845- iteration - 33
223847- iteration - 34
223849- iteration - 35
223851- iteration - 36
223853- iteration - 37
223855- iteration - 38
223857- iteration - 39
223859- iteration - 40
223901- iteration - 41
223903- iteration - 42
223905- iteration - 43
223907- iteration - 44
223909- iteration - 45
223910- iteration - 46
223912- iteration - 47
223914- iteration - 48
223916- iteration - 49
223918- iteration - 50
123818- iteration - 2
123820- iteration - 3
123822- iteration - 4
123824- iteration - 5
123826- iteration - 6
123828- iteration - 7
123830- iteration - 8
123832- iteration - 9
123834- iteration - 10
123836- iteration - 11
123838- iteration - 12
123840- iteration - 13
123842- iteration - 14
123844- iteration - 15
123846- iteration - 16
123848- iteration - 17
123850- iteration - 18
123852- iteration - 19
123854- iteration - 20
123856- iteration - 21
123858- iteration - 22
123900- iteration - 23
123902- iteration - 24
123904- iteration - 25
123906- iteration - 26
123908- iteration - 27
123910- iteration - 28
123912- iteration - 29
123914- iteration - 30
123916- iteration - 31
123918- iteration - 32
123920- iteration - 33
123922- iteration - 34
123924- iteration - 35
123926- iteration - 36
123928- iteration - 37
123930- iteration - 38
123932- iteration - 39
123934- iteration - 40
123936- iteration - 41
123938- iteration - 42
123940- iteration - 43
123942- iteration - 44
123944- iteration - 45
123946- iteration - 46
123948- iteration - 47
123950- iteration - 48
123952- iteration - 49
123954- iteration - 50
123956- iteration - 51
123958- iteration - 52
124055- iteration - 2
124057- iteration - 3
124059- iteration - 4
124101- iteration - 5
124103- iteration - 6
124105- iteration - 7
124107- iteration - 8
124109- iteration - 9
124111- iteration - 10
124113- iteration - 11
124115- iteration - 12
124117- iteration - 13
124119- iteration - 14
124232- iteration - 2
124234- iteration - 3
124236- iteration - 4
124238- iteration - 5
124240- iteration - 6
124242- iteration - 7
124244- iteration - 8
124246- iteration - 9
124248- iteration - 10
124250- iteration - 11
124252- iteration - 12
124254- iteration - 13
124256- iteration - 14
124258- iteration - 15
124300- iteration - 16
124340- iteration - 2
124342- iteration - 3
124344- iteration - 4
124346- iteration - 5
124348- iteration - 6
124350- iteration - 7
124705- iteration - 2
124707- iteration - 3
124709- iteration - 4
124711- iteration - 5
124713- iteration - 6
124715- iteration - 7
124717- iteration - 8
124719- iteration - 9
124721- iteration - 10
124723- iteration - 11
124725- iteration - 12
124727- iteration - 13
124729- iteration - 14
124731- iteration - 15
124733- iteration - 16
124735- iteration - 17
124737- iteration - 18
124739- iteration - 19
124741- iteration - 20
124743- iteration - 21
124745- iteration - 22
124747- iteration - 23
124749- iteration - 24
124751- iteration - 25
124753- iteration - 26
124755- iteration - 27
124757- iteration - 28
124759- iteration - 29
124801- iteration - 30
124803- iteration - 31
124805- iteration - 32
124807- iteration - 33
124809- iteration - 34
124811- iteration - 35
124813- iteration - 36
124815- iteration - 37
124817- iteration - 38
124819- iteration - 39
124821- iteration - 40
124823- iteration - 41
124825- iteration - 42
124827- iteration - 43
124829- iteration - 44
124831- iteration - 45
124833- iteration - 46
124835- iteration - 47
124837- iteration - 48
124839- iteration - 49
124841- iteration - 50
124843- iteration - 51
124845- iteration - 52
124847- iteration - 53
124849- iteration - 54
124851- iteration - 55
124853- iteration - 56
124855- iteration - 57
124857- iteration - 58
124859- iteration - 59
124901- iteration - 60
124903- iteration - 61
124905- iteration - 62
124907- iteration - 63
124909- iteration - 64
124911- iteration - 65
124913- iteration - 66
124915- iteration - 67
124917- iteration - 68
124919- iteration - 69
124921- iteration - 70
124923- iteration - 71
124925- iteration - 72
124927- iteration - 73
124929- iteration - 74
124931- iteration - 75
124933- iteration - 76
124935- iteration - 77
124937- iteration - 78
124939- iteration - 79
124941- iteration - 80
124943- iteration - 81
124945- iteration - 82
124947- iteration - 83
124949- iteration - 84
124951- iteration - 85
124953- iteration - 86
124955- iteration - 87
124957- iteration - 88
124959- iteration - 89
125001- iteration - 90
125003- iteration - 91
125005- iteration - 92
125007- iteration - 93
125009- iteration - 94
125011- iteration - 95
125013- iteration - 96
125015- iteration - 97
125017- iteration - 98
125019- iteration - 99
125021- iteration - 100
125023- iteration - 101
125025- iteration - 102
125027- iteration - 103
125029- iteration - 104
125031- iteration - 105
125033- iteration - 106
125035- iteration - 107
125037- iteration - 108
125039- iteration - 109
125041- iteration - 110
125043- iteration - 111
125045- iteration - 112
125047- iteration - 113
125049- iteration - 114
125051- iteration - 115
125053- iteration - 116
125055- iteration - 117
125057- iteration - 118
125059- iteration - 119
125101- iteration - 120
125103- iteration - 121
125105- iteration - 122
125107- iteration - 123
125109- iteration - 124
125111- iteration - 125
125112- iteration - 126
125114- iteration - 127
125116- iteration - 128
125118- iteration - 129
125120- iteration - 130
125122- iteration - 131
125124- iteration - 132
125126- iteration - 133
125128- iteration - 134
125130- iteration - 135
125132- iteration - 136
125134- iteration - 137
125136- iteration - 138
125138- iteration - 139
125140- iteration - 140
125142- iteration - 141
125144- iteration - 142
125146- iteration - 143
125148- iteration - 144
125150- iteration - 145
125152- iteration - 146
125154- iteration - 147
125156- iteration - 148
125158- iteration - 149
125200- iteration - 150
125202- iteration - 151
125204- iteration - 152
125206- iteration - 153
125208- iteration - 154
125210- iteration - 155
125212- iteration - 156
125214- iteration - 157
125216- iteration - 158
125218- iteration - 159
125220- iteration - 160
125418- iteration - 2
125420- iteration - 3
125422- iteration - 4
125424- iteration - 5
125426- iteration - 6
125428- iteration - 7
125430- iteration - 8
125431- iteration - 9
125433- iteration - 10
125434- iteration - 11
125435- iteration - 12
125437- iteration - 13
125439- iteration - 14
125441- iteration - 15
125443- iteration - 16
125445- iteration - 17
125447- iteration - 18
125449- iteration - 19
125451- iteration - 20
125453- iteration - 21
125455- iteration - 22
125457- iteration - 23
125459- iteration - 24
125501- iteration - 25
125503- iteration - 26
125505- iteration - 27
125507- iteration - 28
125509- iteration - 29
125511- iteration - 30
125513- iteration - 31
125515- iteration - 32
125517- iteration - 33
125519- iteration - 34
125521- iteration - 35
125523- iteration - 36
125525- iteration - 37
125527- iteration - 38
125529- iteration - 39
125531- iteration - 40
125533- iteration - 41
125535- iteration - 42
125728- iteration - 2
125730- iteration - 3
125732- iteration - 4
125734- iteration - 5
125736- iteration - 6
125738- iteration - 7
125740- iteration - 8
125742- iteration - 9
125744- iteration - 10
125746- iteration - 11
125748- iteration - 12
125750- iteration - 13
125752- iteration - 14
125754- iteration - 15
125756- iteration - 16
125758- iteration - 17
125800- iteration - 18
125802- iteration - 19
125804- iteration - 20
125806- iteration - 21
125808- iteration - 22
125810- iteration - 23
125812- iteration - 24
125814- iteration - 25
125816- iteration - 26
125818- iteration - 27
125820- iteration - 28
125822- iteration - 29
125824- iteration - 30
125826- iteration - 31
125828- iteration - 32
125830- iteration - 33
125832- iteration - 34
125834- iteration - 35
125836- iteration - 36
125838- iteration - 37
125840- iteration - 38
125842- iteration - 39
125844- iteration - 40
125846- iteration - 41
125848- iteration - 42
125850- iteration - 43
125852- iteration - 44
125854- iteration - 45
125856- iteration - 46
125858- iteration - 47
125900- iteration - 48
125902- iteration - 49
125904- iteration - 50
125906- iteration - 51
125908- iteration - 52
125910- iteration - 53
125912- iteration - 54
125914- iteration - 55
125916- iteration - 56
125918- iteration - 57
125920- iteration - 58
125922- iteration - 59
125924- iteration - 60
125926- iteration - 61
125928- iteration - 62
125930- iteration - 63
125932- iteration - 64
125934- iteration - 65
125936- iteration - 66
125938- iteration - 67
125940- iteration - 68
125942- iteration - 69
125944- iteration - 70
125946- iteration - 71
125948- iteration - 72
125950- iteration - 73
125952- iteration - 74
125954- iteration - 75
125956- iteration - 76
125958- iteration - 77
130000- iteration - 78
130002- iteration - 79
130004- iteration - 80
130006- iteration - 81
130008- iteration - 82
130010- iteration - 83
130012- iteration - 84
130014- iteration - 85
130016- iteration - 86
130018- iteration - 87
130020- iteration - 88
130022- iteration - 89
130024- iteration - 90
130026- iteration - 91
130028- iteration - 92
130030- iteration - 93
130032- iteration - 94
130034- iteration - 95
130036- iteration - 96
130038- iteration - 97
130040- iteration - 98
130042- iteration - 99
130044- iteration - 100
130046- iteration - 101
130048- iteration - 102
130050- iteration - 103
130052- iteration - 104
130054- iteration - 105
130056- iteration - 106
130058- iteration - 107
130100- iteration - 108
130102- iteration - 109
130104- iteration - 110
130106- iteration - 111
130108- iteration - 112
130110- iteration - 113
130112- iteration - 114
130114- iteration - 115
130116- iteration - 116
130118- iteration - 117
130120- iteration - 118
130122- iteration - 119
130124- iteration - 120
130126- iteration - 121
130128- iteration - 122
130130- iteration - 123
130132- iteration - 124
130134- iteration - 125
130136- iteration - 126
130138- iteration - 127
130140- iteration - 128
130142- iteration - 129
130144- iteration - 130
130146- iteration - 131
130148- iteration - 132
130150- iteration - 133
130152- iteration - 134
130154- iteration - 135
130156- iteration - 136
130158- iteration - 137
130200- iteration - 138
130202- iteration - 139
130204- iteration - 140
130206- iteration - 141
130208- iteration - 142
130210- iteration - 143
130212- iteration - 144
130214- iteration - 145
130216- iteration - 146
130218- iteration - 147
130220- iteration - 148
130222- iteration - 149
130224- iteration - 150
130226- iteration - 151
130228- iteration - 152
130230- iteration - 153
130232- iteration - 154
130234- iteration - 155
130236- iteration - 156
130238- iteration - 157
130240- iteration - 158
130242- iteration - 159
130244- iteration - 160
130246- iteration - 161
130248- iteration - 162
130250- iteration - 163
130252- iteration - 164
130254- iteration - 165
130256- iteration - 166
130258- iteration - 167
130300- iteration - 168
130302- iteration - 169
130304- iteration - 170
130306- iteration - 171
130308- iteration - 172
130310- iteration - 173
130312- iteration - 174
130314- iteration - 175
130316- iteration - 176
130318- iteration - 177
130320- iteration - 178
130322- iteration - 179
130324- iteration - 180
130326- iteration - 181
130328- iteration - 182
130330- iteration - 183
130332- iteration - 184
130334- iteration - 185
130336- iteration - 186
130338- iteration - 187
130340- iteration - 188
130342- iteration - 189
130344- iteration - 190
130346- iteration - 191
130527- iteration - 2
130529- iteration - 3
130531- iteration - 4
130533- iteration - 5
130535- iteration - 6
130537- iteration - 7
130654- iteration - 2
130656- iteration - 3
130658- iteration - 4
130700- iteration - 5
130928- iteration - 2
130930- iteration - 3
130932- iteration - 4
130934- iteration - 5
130936- iteration - 6
130938- iteration - 7
130940- iteration - 8
130942- iteration - 9
130944- iteration - 10
132114- iteration - 2
132116- iteration - 3
132118- iteration - 4
132120- iteration - 5
132122- iteration - 6
132124- iteration - 7
132126- iteration - 8
132128- iteration - 9
132130- iteration - 10
132132- iteration - 11
132134- iteration - 12
132136- iteration - 13
132138- iteration - 14
132140- iteration - 15
132315- iteration - 2
132317- iteration - 3
132319- iteration - 4
132321- iteration - 5
132323- iteration - 6
132325- iteration - 7
132327- iteration - 8
132520- iteration - 2
132522- iteration - 3
132524- iteration - 4
132526- iteration - 5
132631- iteration - 2
132633- iteration - 3
132635- iteration - 4
132637- iteration - 5
132639- iteration - 6
133118- iteration - 2
133120- iteration - 3
133122- iteration - 4
133124- iteration - 5
133126- iteration - 6
133320- iteration - 2
133322- iteration - 3
133324- iteration - 4
133326- iteration - 5
133328- iteration - 6
133330- iteration - 7
133332- iteration - 8
133334- iteration - 9
133336- iteration - 10
133338- iteration - 11
133340- iteration - 12
133342- iteration - 13
133344- iteration - 14
133346- iteration - 15
133348- iteration - 16
133350- iteration - 17
133352- iteration - 18
133354- iteration - 19
133356- iteration - 20
133358- iteration - 21
133400- iteration - 22
133402- iteration - 23
133404- iteration - 24
133406- iteration - 25
133408- iteration - 26
133410- iteration - 27
133412- iteration - 28
133414- iteration - 29
133416- iteration - 30
133418- iteration - 31
133420- iteration - 32
133422- iteration - 33
133424- iteration - 34
133426- iteration - 35
133428- iteration - 36
133430- iteration - 37
133432- iteration - 38
133434- iteration - 39
133436- iteration - 40
133438- iteration - 41
133440- iteration - 42
133442- iteration - 43
133444- iteration - 44
133446- iteration - 45
133448- iteration - 46
133450- iteration - 47
133452- iteration - 48
133454- iteration - 49
133456- iteration - 50
133458- iteration - 2
133500- iteration - 3
133502- iteration - 4
133504- iteration - 5
134117- iteration - 2
134119- iteration - 3
134121- iteration - 4
134123- iteration - 5
134125- iteration - 6
134127- iteration - 7
134129- iteration - 8
134131- iteration - 9
134133- iteration - 10
134135- iteration - 11
134137- iteration - 12
134139- iteration - 13
134141- iteration - 14
134143- iteration - 15
134145- iteration - 16
134147- iteration - 17
134149- iteration - 18
134151- iteration - 19
134153- iteration - 20
134155- iteration - 21
134157- iteration - 22
134159- iteration - 23
134201- iteration - 24
134203- iteration - 25
134205- iteration - 26
134207- iteration - 27
134209- iteration - 28
134211- iteration - 29
134213- iteration - 30
134215- iteration - 31
134217- iteration - 32
134219- iteration - 33
134221- iteration - 34
134223- iteration - 35
134225- iteration - 36
134227- iteration - 37
134229- iteration - 38
134231- iteration - 39
134233- iteration - 40
134235- iteration - 41
134237- iteration - 42
134239- iteration - 43
134241- iteration - 44
134243- iteration - 45
134245- iteration - 46
134247- iteration - 47
134249- iteration - 48
134251- iteration - 49
134253- iteration - 50
134255- iteration - 51
134257- iteration - 52
134259- iteration - 53
134301- iteration - 54
134303- iteration - 55
134305- iteration - 56
134307- iteration - 57
134309- iteration - 58
134311- iteration - 59
134313- iteration - 60
134315- iteration - 61
134317- iteration - 62
134319- iteration - 63
134321- iteration - 64
134323- iteration - 65
134325- iteration - 66
134327- iteration - 67
134329- iteration - 68
134331- iteration - 69
134333- iteration - 70
134335- iteration - 71
134337- iteration - 72
134339- iteration - 73
134341- iteration - 74
134343- iteration - 75
134345- iteration - 76
134347- iteration - 77
134349- iteration - 78
134351- iteration - 79
134353- iteration - 80
134355- iteration - 81
134357- iteration - 82
134359- iteration - 83
134401- iteration - 84
134403- iteration - 85
134405- iteration - 86
134407- iteration - 87
134409- iteration - 88
134411- iteration - 89
134413- iteration - 90
134415- iteration - 91
134417- iteration - 92
134419- iteration - 93
134421- iteration - 94
134423- iteration - 95
134425- iteration - 96
134427- iteration - 97
134429- iteration - 98
134431- iteration - 99
134433- iteration - 100
134435- iteration - 101
134437- iteration - 102
134439- iteration - 103
134441- iteration - 104
134443- iteration - 105
134445- iteration - 106
134447- iteration - 107
134449- iteration - 108
134451- iteration - 109
134453- iteration - 110
134455- iteration - 111
134457- iteration - 112
134459- iteration - 113
134501- iteration - 114
134503- iteration - 115
134505- iteration - 116
134507- iteration - 117
134509- iteration - 118
134511- iteration - 119
134513- iteration - 120
134515- iteration - 121
134517- iteration - 122
134519- iteration - 123
134521- iteration - 124
134523- iteration - 125
134525- iteration - 126
134527- iteration - 127
134529- iteration - 128
134531- iteration - 129
134533- iteration - 130
134535- iteration - 131
134537- iteration - 132
134539- iteration - 133
134541- iteration - 134
134543- iteration - 135
134545- iteration - 136
134547- iteration - 137
134549- iteration - 138
134551- iteration - 139
134553- iteration - 140
134555- iteration - 141
134557- iteration - 142
134559- iteration - 143
134601- iteration - 144
134603- iteration - 145
134605- iteration - 146
134607- iteration - 147
134609- iteration - 148
134611- iteration - 149
134613- iteration - 150
134615- iteration - 151
134617- iteration - 152
134619- iteration - 153
134621- iteration - 154
134623- iteration - 155
134625- iteration - 156
134627- iteration - 157
134629- iteration - 158
134631- iteration - 159
134633- iteration - 160
134635- iteration - 161
134637- iteration - 162
134639- iteration - 163
134641- iteration - 164
134643- iteration - 165
134645- iteration - 166
134647- iteration - 167
134649- iteration - 168
134651- iteration - 169
134653- iteration - 170
134655- iteration - 171
134657- iteration - 172
134659- iteration - 173
134701- iteration - 174
134703- iteration - 175
134705- iteration - 176
134707- iteration - 177
134709- iteration - 178
134711- iteration - 179
134713- iteration - 180
134715- iteration - 181
134717- iteration - 182
134719- iteration - 183
134721- iteration - 184
134723- iteration - 185
134725- iteration - 186
134727- iteration - 187
134729- iteration - 188
134731- iteration - 189
134733- iteration - 190
134735- iteration - 191
134737- iteration - 192
134739- iteration - 193
134741- iteration - 194
134743- iteration - 195
134745- iteration - 196
134747- iteration - 197
134749- iteration - 198
134751- iteration - 199
134753- iteration - 200
134755- iteration - 201
134757- iteration - 202
134759- iteration - 203
134801- iteration - 204
134803- iteration - 205
134805- iteration - 206
134807- iteration - 207
134809- iteration - 208
134811- iteration - 209
134813- iteration - 210
134815- iteration - 211
134817- iteration - 212
134819- iteration - 213
134821- iteration - 214
134823- iteration - 215
134825- iteration - 216
134827- iteration - 217
134829- iteration - 218
134831- iteration - 219
134833- iteration - 220
134835- iteration - 221
134837- iteration - 222
134839- iteration - 223
134841- iteration - 224
134843- iteration - 225
134845- iteration - 226
134847- iteration - 227
134849- iteration - 228
134851- iteration - 229
134853- iteration - 230
134855- iteration - 231
134857- iteration - 232
134859- iteration - 233
134901- iteration - 234
134903- iteration - 235
134905- iteration - 236
134907- iteration - 237
134909- iteration - 238
134911- iteration - 239
134913- iteration - 240
134915- iteration - 241
134917- iteration - 242
134919- iteration - 243
134921- iteration - 244
134923- iteration - 245
134925- iteration - 246
134927- iteration - 247
134929- iteration - 248
134931- iteration - 249
134933- iteration - 250
134935- iteration - 251
134937- iteration - 252
134939- iteration - 253
134941- iteration - 254
134943- iteration - 255
134945- iteration - 256
134947- iteration - 257
134949- iteration - 258
134951- iteration - 259
134953- iteration - 260
134955- iteration - 261
134957- iteration - 262
134959- iteration - 263
135001- iteration - 264
135003- iteration - 265
135005- iteration - 266
135007- iteration - 267
135009- iteration - 268
135011- iteration - 269
135013- iteration - 270
135015- iteration - 271
135017- iteration - 272
135019- iteration - 273
135021- iteration - 274
135023- iteration - 275
135025- iteration - 276
135027- iteration - 277
135029- iteration - 278
135031- iteration - 279
135033- iteration - 280
135035- iteration - 281
135037- iteration - 282
135039- iteration - 283
135041- iteration - 284
135043- iteration - 285
135045- iteration - 286
135047- iteration - 287
135049- iteration - 288
135051- iteration - 289
135054- iteration - 290
135056- iteration - 291
135058- iteration - 292
135100- iteration - 293
135102- iteration - 294
135104- iteration - 295
135106- iteration - 296
135108- iteration - 297
135110- iteration - 298
135112- iteration - 299
135114- iteration - 300
135116- iteration - 301
135118- iteration - 302
135120- iteration - 303
135122- iteration - 304
135124- iteration - 305
135126- iteration - 306
135128- iteration - 307
135130- iteration - 308
135132- iteration - 309
135134- iteration - 310
135136- iteration - 311
135138- iteration - 312
135140- iteration - 313
135142- iteration - 314
135144- iteration - 315
135146- iteration - 316
135148- iteration - 317
135150- iteration - 318
135152- iteration - 319
135154- iteration - 320
135156- iteration - 321
135158- iteration - 322
135200- iteration - 323
135202- iteration - 324
135204- iteration - 325
135206- iteration - 326
135208- iteration - 327
135210- iteration - 328
135212- iteration - 329
135214- iteration - 330
135216- iteration - 331
135218- iteration - 332
135220- iteration - 333
135222- iteration - 334
135224- iteration - 335
135226- iteration - 336
135228- iteration - 337
135230- iteration - 338
135232- iteration - 339
135234- iteration - 340
135236- iteration - 341
135238- iteration - 342
135240- iteration - 343
135242- iteration - 344
135244- iteration - 345
135246- iteration - 346
135248- iteration - 347
135250- iteration - 348
135252- iteration - 349
135254- iteration - 350
135256- iteration - 351
135258- iteration - 352
135300- iteration - 353
135302- iteration - 354
135304- iteration - 355
135306- iteration - 356
135308- iteration - 357
135310- iteration - 358
135312- iteration - 359
135314- iteration - 360
135316- iteration - 361
135318- iteration - 362
135320- iteration - 363
135322- iteration - 364
135324- iteration - 365
135326- iteration - 366
135328- iteration - 367
135330- iteration - 368
135332- iteration - 369
135334- iteration - 370
135336- iteration - 371
135338- iteration - 372
135340- iteration - 373
135342- iteration - 374
135344- iteration - 375
135346- iteration - 376
135348- iteration - 377
135350- iteration - 378
135352- iteration - 379
135354- iteration - 380
135356- iteration - 381
135358- iteration - 382
135400- iteration - 383
135402- iteration - 384
135404- iteration - 385
135406- iteration - 386
135408- iteration - 387
135410- iteration - 388
135412- iteration - 389
135414- iteration - 390
135416- iteration - 391
135418- iteration - 392
135420- iteration - 393
135422- iteration - 394
135424- iteration - 395
135426- iteration - 396
135428- iteration - 397
135430- iteration - 398
135432- iteration - 399
135434- iteration - 400
135436- iteration - 401
135438- iteration - 402
135440- iteration - 403
135442- iteration - 404
135444- iteration - 405
135446- iteration - 406
135448- iteration - 407
135450- iteration - 408
135452- iteration - 409
135454- iteration - 410
135456- iteration - 411
135458- iteration - 412
135500- iteration - 413
135502- iteration - 414
135504- iteration - 415
135506- iteration - 416
135508- iteration - 417
135510- iteration - 418
135512- iteration - 419
135514- iteration - 420
135516- iteration - 421
135518- iteration - 422
135520- iteration - 423
135522- iteration - 424
135524- iteration - 425
135526- iteration - 426
135528- iteration - 427
135530- iteration - 428
135532- iteration - 429
135534- iteration - 430
135536- iteration - 431
135538- iteration - 432
135540- iteration - 433
135542- iteration - 434
135544- iteration - 435
135546- iteration - 436
135548- iteration - 437
135550- iteration - 438
135552- iteration - 439
135554- iteration - 440
135556- iteration - 441
135558- iteration - 442
135600- iteration - 443
135602- iteration - 444
135604- iteration - 445
135606- iteration - 446
135608- iteration - 447
135610- iteration - 448
135612- iteration - 449
135614- iteration - 450
135616- iteration - 451
135618- iteration - 452
135620- iteration - 453
135622- iteration - 454
135624- iteration - 455
135626- iteration - 456
135628- iteration - 457
135630- iteration - 458
135632- iteration - 459
135634- iteration - 460
135636- iteration - 461
135638- iteration - 462
135640- iteration - 463
135642- iteration - 464
135644- iteration - 465
135646- iteration - 466
135648- iteration - 467
135650- iteration - 468
135652- iteration - 469
135654- iteration - 470
135656- iteration - 471
135658- iteration - 472
135700- iteration - 473
135702- iteration - 474
135704- iteration - 475
135706- iteration - 476
135708- iteration - 477
135710- iteration - 478
135712- iteration - 479
135714- iteration - 480
135716- iteration - 481
135718- iteration - 482
135720- iteration - 483
135722- iteration - 484
135724- iteration - 485
135726- iteration - 486
135728- iteration - 487
135730- iteration - 488
135732- iteration - 489
135734- iteration - 490
135736- iteration - 491
135738- iteration - 492
135740- iteration - 493
135742- iteration - 494
135744- iteration - 495
135746- iteration - 496
135748- iteration - 497
135750- iteration - 498
135752- iteration - 499
135754- iteration - 500
135756- iteration - 501
135758- iteration - 502
135800- iteration - 503
135802- iteration - 504
135804- iteration - 505
135806- iteration - 506
135808- iteration - 507
135810- iteration - 508
135812- iteration - 509
135814- iteration - 510
135816- iteration - 511
135818- iteration - 512
135820- iteration - 513
135822- iteration - 514
135824- iteration - 515
135826- iteration - 516
135828- iteration - 517
135830- iteration - 518
135832- iteration - 519
135834- iteration - 520
135836- iteration - 521
135838- iteration - 522
135840- iteration - 523
135842- iteration - 524
135844- iteration - 525
135846- iteration - 526
135848- iteration - 527
135850- iteration - 528
135852- iteration - 529
135854- iteration - 530
135856- iteration - 531
135858- iteration - 532
135900- iteration - 533
135902- iteration - 534
135904- iteration - 535
135906- iteration - 536
135908- iteration - 537
135910- iteration - 538
135912- iteration - 539
135914- iteration - 540
135916- iteration - 541
135918- iteration - 542
135920- iteration - 543
135922- iteration - 544
135924- iteration - 545
135926- iteration - 546
135928- iteration - 547
135930- iteration - 548
135932- iteration - 549
135934- iteration - 550
135936- iteration - 551
135938- iteration - 552
135940- iteration - 553
135942- iteration - 554
135944- iteration - 555
135946- iteration - 556
135948- iteration - 557
135950- iteration - 558
135952- iteration - 559
135954- iteration - 560
135956- iteration - 561
135958- iteration - 562
140000- iteration - 563
140002- iteration - 564
140004- iteration - 565
140006- iteration - 566
140008- iteration - 567
140010- iteration - 568
140012- iteration - 569
140014- iteration - 570
140016- iteration - 571
140018- iteration - 572
140020- iteration - 573
140022- iteration - 574
140024- iteration - 575
140026- iteration - 576
140028- iteration - 577
140030- iteration - 578
140032- iteration - 579
140034- iteration - 580
140036- iteration - 581
140038- iteration - 582
140040- iteration - 583
140042- iteration - 584
140044- iteration - 585
140046- iteration - 586
140048- iteration - 587
140050- iteration - 588
140052- iteration - 589
140054- iteration - 590
140056- iteration - 591
140058- iteration - 592
140100- iteration - 593
140102- iteration - 594
140104- iteration - 595
140106- iteration - 596
140108- iteration - 597
140110- iteration - 598
140112- iteration - 599
140114- iteration - 600
140116- iteration - 601
140118- iteration - 602
140120- iteration - 603
140122- iteration - 604
140124- iteration - 605
140126- iteration - 606
140128- iteration - 607
140130- iteration - 608
140132- iteration - 609
140134- iteration - 610
140136- iteration - 611
140138- iteration - 612
140140- iteration - 613
140142- iteration - 614
140144- iteration - 615
140146- iteration - 616
140148- iteration - 617
140150- iteration - 618
140152- iteration - 619
140154- iteration - 620
140156- iteration - 621
140158- iteration - 622
140200- iteration - 623
140202- iteration - 624
140204- iteration - 625
140206- iteration - 626
140208- iteration - 627
140210- iteration - 628
140212- iteration - 629
140214- iteration - 630
140216- iteration - 631
140218- iteration - 632
140220- iteration - 633
140222- iteration - 634
140224- iteration - 635
140226- iteration - 636
140228- iteration - 637
140230- iteration - 638
140232- iteration - 639
140234- iteration - 640
140236- iteration - 641
140238- iteration - 642
140240- iteration - 643
140242- iteration - 644
140244- iteration - 645
140246- iteration - 646
140248- iteration - 647
140250- iteration - 648
140252- iteration - 649
140254- iteration - 650
140256- iteration - 651
140258- iteration - 652
140300- iteration - 653
140302- iteration - 654
140304- iteration - 655
140306- iteration - 656
140308- iteration - 657
140310- iteration - 658
140312- iteration - 659
140314- iteration - 660
140316- iteration - 661
140318- iteration - 662
140320- iteration - 663
140322- iteration - 664
140324- iteration - 665
140326- iteration - 666
140328- iteration - 667
140330- iteration - 668
140332- iteration - 669
140334- iteration - 670
140336- iteration - 671
140338- iteration - 672
140340- iteration - 673
140342- iteration - 674
140344- iteration - 675
140346- iteration - 676
140348- iteration - 677
140350- iteration - 678
140352- iteration - 679
140354- iteration - 680
140356- iteration - 681
140358- iteration - 682
140400- iteration - 683
140402- iteration - 684
140404- iteration - 685
140406- iteration - 686
140408- iteration - 687
140410- iteration - 688
140412- iteration - 689
140414- iteration - 690
140416- iteration - 691
140418- iteration - 692
140420- iteration - 693
140422- iteration - 694
140424- iteration - 695
140426- iteration - 696
140428- iteration - 697
140430- iteration - 698
140432- iteration - 699
140434- iteration - 700
140436- iteration - 701
140438- iteration - 702
140440- iteration - 703
140442- iteration - 704
140444- iteration - 705
140446- iteration - 706
140448- iteration - 707
140450- iteration - 708
140452- iteration - 709
140454- iteration - 710
140456- iteration - 711
140458- iteration - 712
140500- iteration - 713
140502- iteration - 714
140504- iteration - 715
140506- iteration - 716
140508- iteration - 717
140510- iteration - 718
140512- iteration - 719
140514- iteration - 720
140516- iteration - 721
140518- iteration - 722
140520- iteration - 723
140522- iteration - 724
140524- iteration - 725
140526- iteration - 726
140528- iteration - 727
140530- iteration - 728
140532- iteration - 729
140534- iteration - 730
140536- iteration - 731
140538- iteration - 732
140540- iteration - 733
140542- iteration - 734
140544- iteration - 735
140546- iteration - 736
140548- iteration - 737
140550- iteration - 738
140552- iteration - 739
140554- iteration - 740
140556- iteration - 741
140558- iteration - 742
140600- iteration - 743
140602- iteration - 744
140604- iteration - 745
140606- iteration - 746
140608- iteration - 747
140610- iteration - 748
140612- iteration - 749
140614- iteration - 750
140616- iteration - 751
140618- iteration - 752
140620- iteration - 753
140622- iteration - 754
140624- iteration - 755
140626- iteration - 756
140628- iteration - 757
140630- iteration - 758
140632- iteration - 759
140634- iteration - 760
140636- iteration - 761
140638- iteration - 762
140640- iteration - 763
140642- iteration - 764
140644- iteration - 765
140646- iteration - 766
140648- iteration - 767
140650- iteration - 768
140652- iteration - 769
140654- iteration - 770
140656- iteration - 771
140658- iteration - 772
140700- iteration - 773
140702- iteration - 774
140704- iteration - 775
140706- iteration - 776
140708- iteration - 777
140710- iteration - 778
140712- iteration - 779
140714- iteration - 780
140716- iteration - 781
140718- iteration - 782
140720- iteration - 783
140722- iteration - 784
140724- iteration - 785
140726- iteration - 786
140728- iteration - 787
140730- iteration - 788
140732- iteration - 789
140734- iteration - 790
140736- iteration - 791
140738- iteration - 792
140740- iteration - 793
140742- iteration - 794
140744- iteration - 795
140746- iteration - 796
140748- iteration - 797
140750- iteration - 798
140752- iteration - 799
140754- iteration - 800
140756- iteration - 801
140758- iteration - 802
140800- iteration - 803
140802- iteration - 804
140804- iteration - 805
140806- iteration - 806
140808- iteration - 807
140810- iteration - 808
140812- iteration - 809
140814- iteration - 810
140816- iteration - 811
140818- iteration - 812
140820- iteration - 813
140822- iteration - 814
140824- iteration - 815
140826- iteration - 816
140828- iteration - 817
140830- iteration - 818
140832- iteration - 819
140834- iteration - 820
140836- iteration - 821
140838- iteration - 822
140840- iteration - 823
140842- iteration - 824
140844- iteration - 825
140846- iteration - 826
140848- iteration - 827
140850- iteration - 828
140852- iteration - 829
140854- iteration - 830
140856- iteration - 831
140858- iteration - 832
140900- iteration - 833
140902- iteration - 834
140904- iteration - 835
140906- iteration - 836
140908- iteration - 837
140910- iteration - 838
140912- iteration - 839
140914- iteration - 840
140916- iteration - 841
140918- iteration - 842
140920- iteration - 843
140922- iteration - 844
140924- iteration - 845
140926- iteration - 846
140928- iteration - 847
140930- iteration - 848
140932- iteration - 849
140934- iteration - 850
140936- iteration - 851
140938- iteration - 852
140940- iteration - 853
140942- iteration - 854
140944- iteration - 855
140946- iteration - 856
140948- iteration - 857
140950- iteration - 858
140952- iteration - 859
140954- iteration - 860
140956- iteration - 861
140958- iteration - 862
141000- iteration - 863
141002- iteration - 864
141004- iteration - 865
141006- iteration - 866
141008- iteration - 867
141010- iteration - 868
141012- iteration - 869
141014- iteration - 870
141016- iteration - 871
141018- iteration - 872
141020- iteration - 873
141022- iteration - 874
141024- iteration - 875
141026- iteration - 876
141028- iteration - 877
141030- iteration - 878
141032- iteration - 879
141034- iteration - 880
141036- iteration - 881
141038- iteration - 882
141040- iteration - 883
141042- iteration - 884
141044- iteration - 885
141046- iteration - 886
141048- iteration - 887
141050- iteration - 888
141052- iteration - 889
141054- iteration - 890
141056- iteration - 891
141058- iteration - 892
141100- iteration - 893
141102- iteration - 894
141104- iteration - 895
141106- iteration - 896
141108- iteration - 897
141110- iteration - 898
141112- iteration - 899
141114- iteration - 900
141116- iteration - 901
141118- iteration - 902
141120- iteration - 903
141122- iteration - 904
141124- iteration - 905
141126- iteration - 906
141128- iteration - 907
141130- iteration - 908
141132- iteration - 909
141134- iteration - 910
141136- iteration - 911
141138- iteration - 912
141140- iteration - 913
141142- iteration - 914
141144- iteration - 915
141146- iteration - 916
141148- iteration - 917
141150- iteration - 918
141152- iteration - 919
141154- iteration - 920
141156- iteration - 921
141158- iteration - 922
141200- iteration - 923
141202- iteration - 924
141204- iteration - 925
141206- iteration - 926
141843- iteration - 2
141845- iteration - 3
141847- iteration - 4
141849- iteration - 5
141851- iteration - 6
141853- iteration - 7
141855- iteration - 8
141857- iteration - 9
141859- iteration - 10
141901- iteration - 11
141903- iteration - 12
141905- iteration - 13
141907- iteration - 14
142041- iteration - 2
142043- iteration - 3
142045- iteration - 4
142047- iteration - 5
142049- iteration - 6
142719- iteration - 2
142721- iteration - 3
142723- iteration - 4
142725- iteration - 5
142727- iteration - 6
143435- iteration - 2
143437- iteration - 3
143439- iteration - 4
143441- iteration - 5
143443- iteration - 6
143445- iteration - 7
143447- iteration - 8
143449- iteration - 9
143451- iteration - 10
143453- iteration - 11
143455- iteration - 12
143457- iteration - 13
143459- iteration - 14
143501- iteration - 15
143503- iteration - 16
143505- iteration - 17
193337- iteration - 2
193339- iteration - 3
193341- iteration - 4
193343- iteration - 5
193345- iteration - 6
193347- iteration - 7
193349- iteration - 8
193351- iteration - 9
193353- iteration - 10
193355- iteration - 11
193357- iteration - 12
193359- iteration - 13
193401- iteration - 14
193403- iteration - 15
193405- iteration - 16
193407- iteration - 17
193409- iteration - 18
193411- iteration - 19
193413- iteration - 20
193415- iteration - 21
193417- iteration - 22
193419- iteration - 23
193421- iteration - 24
193423- iteration - 25
193425- iteration - 26
193427- iteration - 27
193429- iteration - 28
193431- iteration - 29
193511- iteration - 2
193513- iteration - 3
193515- iteration - 4
193517- iteration - 5
193519- iteration - 6
193521- iteration - 7
193523- iteration - 8
193525- iteration - 9
193527- iteration - 10
193529- iteration - 11
193531- iteration - 12
193533- iteration - 13
193535- iteration - 14
193535- iteration - 15
193537- iteration - 16
193539- iteration - 17
193541- iteration - 18
193543- iteration - 19
193545- iteration - 20
193547- iteration - 21
193549- iteration - 22
193551- iteration - 23
193553- iteration - 24
193555- iteration - 25
193557- iteration - 26
193559- iteration - 27
193601- iteration - 28
193603- iteration - 29
193605- iteration - 30
193607- iteration - 31
193609- iteration - 32
193611- iteration - 33
193613- iteration - 34
193615- iteration - 35
193617- iteration - 36
193619- iteration - 37
193621- iteration - 38
193623- iteration - 39
193625- iteration - 40
193627- iteration - 41
193629- iteration - 42
193631- iteration - 43
193633- iteration - 44
193635- iteration - 45
193637- iteration - 46
193639- iteration - 47
193641- iteration - 48
193643- iteration - 49
193645- iteration - 50
193647- iteration - 51
193649- iteration - 52
193651- iteration - 53
193653- iteration - 54
193655- iteration - 55
193657- iteration - 56
193659- iteration - 57
193701- iteration - 58
193703- iteration - 59
193705- iteration - 60
193707- iteration - 61
193709- iteration - 62
193711- iteration - 63
193713- iteration - 64
193715- iteration - 65
193717- iteration - 66
193719- iteration - 67
193721- iteration - 68
193723- iteration - 69
193725- iteration - 70
193727- iteration - 71
193729- iteration - 72
193731- iteration - 73
193733- iteration - 74
193735- iteration - 75
193737- iteration - 76
193739- iteration - 77
193741- iteration - 78
193743- iteration - 79
193745- iteration - 80
193747- iteration - 81
193749- iteration - 82
193751- iteration - 83
193753- iteration - 84
193755- iteration - 85
193757- iteration - 86
193759- iteration - 87
193801- iteration - 88
193803- iteration - 89
193805- iteration - 90
193807- iteration - 91
193809- iteration - 92
193811- iteration - 93
193813- iteration - 94
193815- iteration - 95
193817- iteration - 96
193819- iteration - 97
193821- iteration - 98
193823- iteration - 99
193825- iteration - 100
193827- iteration - 101
193829- iteration - 102
193831- iteration - 103
193833- iteration - 104
193835- iteration - 105
193837- iteration - 106
193839- iteration - 107
193841- iteration - 108
193843- iteration - 109
193845- iteration - 110
193847- iteration - 111
193849- iteration - 112
193851- iteration - 113
193853- iteration - 114
193855- iteration - 115
193857- iteration - 116
193859- iteration - 117
193901- iteration - 118
193903- iteration - 119
193905- iteration - 120
193907- iteration - 121
193909- iteration - 122
193911- iteration - 123
193913- iteration - 124
193915- iteration - 125
193917- iteration - 126
193919- iteration - 127
193921- iteration - 128
193923- iteration - 129
193925- iteration - 130
193927- iteration - 131
193929- iteration - 132
193931- iteration - 133
193933- iteration - 134
193935- iteration - 135
193937- iteration - 136
193939- iteration - 137
193941- iteration - 138
193943- iteration - 139
193945- iteration - 140
193947- iteration - 141
193949- iteration - 142
193951- iteration - 143
193953- iteration - 144
193955- iteration - 145
193957- iteration - 146
193959- iteration - 147
194001- iteration - 148
194003- iteration - 149
194005- iteration - 150
194007- iteration - 151
194009- iteration - 152
194011- iteration - 153
194013- iteration - 154
194015- iteration - 155
194017- iteration - 156
195557- iteration - 2
195559- iteration - 3
195617- iteration - 2
195619- iteration - 3
195621- iteration - 4
195623- iteration - 5
195625- iteration - 6
195627- iteration - 7
195629- iteration - 8
195631- iteration - 9
195655- iteration - 2
195657- iteration - 3
195659- iteration - 4
195720- iteration - 2
195722- iteration - 3
195723- iteration - 4
195725- iteration - 5
195727- iteration - 6
195729- iteration - 7
195731- iteration - 8
195733- iteration - 9
195735- iteration - 10
195737- iteration - 11
195739- iteration - 12
195741- iteration - 13
195743- iteration - 14
195745- iteration - 15
195747- iteration - 16
195749- iteration - 17
195751- iteration - 18
195753- iteration - 19
195755- iteration - 20
195756- iteration - 21
195758- iteration - 22
195800- iteration - 23
195802- iteration - 24
195804- iteration - 25
195806- iteration - 26
195808- iteration - 27
195810- iteration - 28
195812- iteration - 29
195814- iteration - 30
195816- iteration - 31
195818- iteration - 32
195820- iteration - 33
195822- iteration - 34
195824- iteration - 35
205238- iteration - 2
205240- iteration - 3
205242- iteration - 4
205244- iteration - 5
205246- iteration - 6
205248- iteration - 7
205250- iteration - 8
205252- iteration - 9
205254- iteration - 10
205256- iteration - 11
205258- iteration - 12
205300- iteration - 13
205302- iteration - 14
205304- iteration - 15
205306- iteration - 16
205308- iteration - 17
205310- iteration - 18
205312- iteration - 19
205314- iteration - 20
205316- iteration - 21
205318- iteration - 22
205320- iteration - 23
205322- iteration - 24
205324- iteration - 25
205326- iteration - 26
205328- iteration - 27
205330- iteration - 28
205332- iteration - 29
205334- iteration - 30
205336- iteration - 31
205338- iteration - 32
205340- iteration - 33
205342- iteration - 34
205344- iteration - 35
205346- iteration - 36
205348- iteration - 37
205350- iteration - 38
205352- iteration - 39
205354- iteration - 40
205356- iteration - 41
205358- iteration - 42
205400- iteration - 43
205402- iteration - 44
205404- iteration - 45
205406- iteration - 46
205408- iteration - 47
205410- iteration - 48
205412- iteration - 49
205414- iteration - 50
205416- iteration - 51
205418- iteration - 52
205420- iteration - 53
205422- iteration - 54
205424- iteration - 55
205426- iteration - 56
205428- iteration - 57
205430- iteration - 58
205432- iteration - 59
205434- iteration - 60
205436- iteration - 61
205438- iteration - 62
205440- iteration - 63
205442- iteration - 64
205444- iteration - 65
205446- iteration - 66
205448- iteration - 67
205450- iteration - 68
205452- iteration - 69
205454- iteration - 70
205456- iteration - 71
205458- iteration - 72
205500- iteration - 73
205502- iteration - 74
205505- iteration - 75
205507- iteration - 76
205509- iteration - 77
205511- iteration - 78
205513- iteration - 79
205515- iteration - 80
205517- iteration - 81
205519- iteration - 82
205521- iteration - 83
205523- iteration - 84
205525- iteration - 85
205527- iteration - 86
205529- iteration - 87
205531- iteration - 88
205533- iteration - 89
205535- iteration - 90
205537- iteration - 91
205539- iteration - 92
205541- iteration - 93
205543- iteration - 94
205545- iteration - 95
205547- iteration - 96
205549- iteration - 97
205551- iteration - 98
205553- iteration - 99
205555- iteration - 100
205557- iteration - 101
205559- iteration - 102
205601- iteration - 103
205603- iteration - 104
205605- iteration - 105
205607- iteration - 106
205609- iteration - 107
205611- iteration - 108
205613- iteration - 109
205615- iteration - 110
205617- iteration - 111
205619- iteration - 112
205621- iteration - 113
205623- iteration - 114
205625- iteration - 115
205627- iteration - 116
205629- iteration - 117
205631- iteration - 118
205633- iteration - 119
205635- iteration - 120
205637- iteration - 121
205639- iteration - 122
205641- iteration - 123
205643- iteration - 124
205645- iteration - 125
205647- iteration - 126
205649- iteration - 127
205651- iteration - 128
205653- iteration - 129
205655- iteration - 130
205657- iteration - 131
205659- iteration - 132
205701- iteration - 133
205703- iteration - 134
205705- iteration - 135
205707- iteration - 136
205709- iteration - 137
205711- iteration - 138
205713- iteration - 139
205715- iteration - 140
205717- iteration - 141
205719- iteration - 142
205721- iteration - 143
205723- iteration - 144
205725- iteration - 145
205727- iteration - 146
193336- iteration - 2
193338- iteration - 3
193340- iteration - 4
193342- iteration - 5
193344- iteration - 6
